Archive member included to satisfy reference by file (symbol)

c:/st/stm32cubeide_1.8.0/stm32cubeide/plugins/com.st.stm32cube.ide.mcu.externaltools.gnu-tools-for-stm32.9-2020-q2-update.win32_2.0.0.202105311346/tools/bin/../lib/gcc/arm-none-eabi/9.3.1/../../../../arm-none-eabi/lib/thumb/v7-m/nofp\libc_nano.a(lib_a-errno.o)
                              ./Src/syscalls.o (__errno)
c:/st/stm32cubeide_1.8.0/stm32cubeide/plugins/com.st.stm32cube.ide.mcu.externaltools.gnu-tools-for-stm32.9-2020-q2-update.win32_2.0.0.202105311346/tools/bin/../lib/gcc/arm-none-eabi/9.3.1/../../../../arm-none-eabi/lib/thumb/v7-m/nofp\libc_nano.a(lib_a-exit.o)
                              c:/st/stm32cubeide_1.8.0/stm32cubeide/plugins/com.st.stm32cube.ide.mcu.externaltools.gnu-tools-for-stm32.9-2020-q2-update.win32_2.0.0.202105311346/tools/bin/../lib/gcc/arm-none-eabi/9.3.1/../../../../arm-none-eabi/lib/thumb/v7-m/nofp/crt0.o (exit)
c:/st/stm32cubeide_1.8.0/stm32cubeide/plugins/com.st.stm32cube.ide.mcu.externaltools.gnu-tools-for-stm32.9-2020-q2-update.win32_2.0.0.202105311346/tools/bin/../lib/gcc/arm-none-eabi/9.3.1/../../../../arm-none-eabi/lib/thumb/v7-m/nofp\libc_nano.a(lib_a-impure.o)
                              c:/st/stm32cubeide_1.8.0/stm32cubeide/plugins/com.st.stm32cube.ide.mcu.externaltools.gnu-tools-for-stm32.9-2020-q2-update.win32_2.0.0.202105311346/tools/bin/../lib/gcc/arm-none-eabi/9.3.1/../../../../arm-none-eabi/lib/thumb/v7-m/nofp\libc_nano.a(lib_a-exit.o) (_global_impure_ptr)
c:/st/stm32cubeide_1.8.0/stm32cubeide/plugins/com.st.stm32cube.ide.mcu.externaltools.gnu-tools-for-stm32.9-2020-q2-update.win32_2.0.0.202105311346/tools/bin/../lib/gcc/arm-none-eabi/9.3.1/../../../../arm-none-eabi/lib/thumb/v7-m/nofp\libc_nano.a(lib_a-init.o)
                              c:/st/stm32cubeide_1.8.0/stm32cubeide/plugins/com.st.stm32cube.ide.mcu.externaltools.gnu-tools-for-stm32.9-2020-q2-update.win32_2.0.0.202105311346/tools/bin/../lib/gcc/arm-none-eabi/9.3.1/../../../../arm-none-eabi/lib/thumb/v7-m/nofp/crt0.o (__libc_init_array)
c:/st/stm32cubeide_1.8.0/stm32cubeide/plugins/com.st.stm32cube.ide.mcu.externaltools.gnu-tools-for-stm32.9-2020-q2-update.win32_2.0.0.202105311346/tools/bin/../lib/gcc/arm-none-eabi/9.3.1/../../../../arm-none-eabi/lib/thumb/v7-m/nofp\libc_nano.a(lib_a-memset.o)
                              c:/st/stm32cubeide_1.8.0/stm32cubeide/plugins/com.st.stm32cube.ide.mcu.externaltools.gnu-tools-for-stm32.9-2020-q2-update.win32_2.0.0.202105311346/tools/bin/../lib/gcc/arm-none-eabi/9.3.1/../../../../arm-none-eabi/lib/thumb/v7-m/nofp/crt0.o (memset)
c:/st/stm32cubeide_1.8.0/stm32cubeide/plugins/com.st.stm32cube.ide.mcu.externaltools.gnu-tools-for-stm32.9-2020-q2-update.win32_2.0.0.202105311346/tools/bin/../lib/gcc/arm-none-eabi/9.3.1/../../../../arm-none-eabi/lib/thumb/v7-m/nofp\libc_nano.a(lib_a-sprintf.o)
                              ./External Drivers/ADDER/crdcs_pq_adder.o (sprintf)
c:/st/stm32cubeide_1.8.0/stm32cubeide/plugins/com.st.stm32cube.ide.mcu.externaltools.gnu-tools-for-stm32.9-2020-q2-update.win32_2.0.0.202105311346/tools/bin/../lib/gcc/arm-none-eabi/9.3.1/../../../../arm-none-eabi/lib/thumb/v7-m/nofp\libc_nano.a(lib_a-strlen.o)
                              ./External Drivers/OLED Display/crdcs_pq_fonts.o (strlen)
c:/st/stm32cubeide_1.8.0/stm32cubeide/plugins/com.st.stm32cube.ide.mcu.externaltools.gnu-tools-for-stm32.9-2020-q2-update.win32_2.0.0.202105311346/tools/bin/../lib/gcc/arm-none-eabi/9.3.1/../../../../arm-none-eabi/lib/thumb/v7-m/nofp\libc_nano.a(lib_a-nano-svfprintf.o)
                              c:/st/stm32cubeide_1.8.0/stm32cubeide/plugins/com.st.stm32cube.ide.mcu.externaltools.gnu-tools-for-stm32.9-2020-q2-update.win32_2.0.0.202105311346/tools/bin/../lib/gcc/arm-none-eabi/9.3.1/../../../../arm-none-eabi/lib/thumb/v7-m/nofp\libc_nano.a(lib_a-sprintf.o) (_svfprintf_r)
c:/st/stm32cubeide_1.8.0/stm32cubeide/plugins/com.st.stm32cube.ide.mcu.externaltools.gnu-tools-for-stm32.9-2020-q2-update.win32_2.0.0.202105311346/tools/bin/../lib/gcc/arm-none-eabi/9.3.1/../../../../arm-none-eabi/lib/thumb/v7-m/nofp\libc_nano.a(lib_a-nano-vfprintf_i.o)
                              c:/st/stm32cubeide_1.8.0/stm32cubeide/plugins/com.st.stm32cube.ide.mcu.externaltools.gnu-tools-for-stm32.9-2020-q2-update.win32_2.0.0.202105311346/tools/bin/../lib/gcc/arm-none-eabi/9.3.1/../../../../arm-none-eabi/lib/thumb/v7-m/nofp\libc_nano.a(lib_a-nano-svfprintf.o) (_printf_i)
c:/st/stm32cubeide_1.8.0/stm32cubeide/plugins/com.st.stm32cube.ide.mcu.externaltools.gnu-tools-for-stm32.9-2020-q2-update.win32_2.0.0.202105311346/tools/bin/../lib/gcc/arm-none-eabi/9.3.1/../../../../arm-none-eabi/lib/thumb/v7-m/nofp\libc_nano.a(lib_a-memchr-stub.o)
[...]
Memory Configuration

Name             Origin             Length             Attributes
RAM              0x0000000020000000 0x0000000000005000 xrw
FLASH            0x0000000008000000 0x0000000000010000 xr
*default*        0x0000000000000000 0xffffffffffffffff

Linker script and memory map

LOAD c:/st/stm32cubeide_1.8.0/stm32cubeide/plugins/com.st.stm32cube.ide.mcu.externaltools.gnu-tools-for-stm32.9-2020-q2-update.win32_2.0.0.202105311346/tools/bin/../lib/gcc/arm-none-eabi/9.3.1/thumb/v7-m/nofp/crti.o
LOAD c:/st/stm32cubeide_1.8.0/stm32cubeide/plugins/com.st.stm32cube.ide.mcu.externaltools.gnu-tools-for-stm32.9-2020-q2-update.win32_2.0.0.202105311346/tools/bin/../lib/gcc/arm-none-eabi/9.3.1/thumb/v7-m/nofp/crtbegin.o
LOAD c:/st/stm32cubeide_1.8.0/stm32cubeide/plugins/com.st.stm32cube.ide.mcu.externaltools.gnu-tools-for-stm32.9-2020-q2-update.win32_2.0.0.202105311346/tools/bin/../lib/gcc/arm-none-eabi/9.3.1/../../../../arm-none-eabi/lib/thumb/v7-m/nofp/crt0.o
LOAD ./Drivers/STM32F1xx_HAL_Driver/Src/stm32f1xx_hal.o
LOAD ./Drivers/STM32F1xx_HAL_Driver/Src/stm32f1xx_hal_cortex.o
LOAD ./Drivers/STM32F1xx_HAL_Driver/Src/stm32f1xx_hal_dma.o
LOAD ./Drivers/STM32F1xx_HAL_Driver/Src/stm32f1xx_hal_exti.o
LOAD ./Drivers/STM32F1xx_HAL_Driver/Src/stm32f1xx_hal_flash.o
LOAD ./Drivers/STM32F1xx_HAL_Driver/Src/stm32f1xx_hal_flash_ex.o
LOAD ./Drivers/STM32F1xx_HAL_Driver/Src/stm32f1xx_hal_gpio.o
LOAD ./Drivers/STM32F1xx_HAL_Driver/Src/stm32f1xx_hal_gpio_ex.o
LOAD ./Drivers/STM32F1xx_HAL_Driver/Src/stm32f1xx_hal_i2c.o
LOAD ./Drivers/STM32F1xx_HAL_Driver/Src/stm32f1xx_hal_pwr.o
LOAD ./Drivers/STM32F1xx_HAL_Driver/Src/stm32f1xx_hal_rcc.o
LOAD ./Drivers/STM32F1xx_HAL_Driver/Src/stm32f1xx_hal_rcc_ex.o
LOAD ./Drivers/STM32F1xx_HAL_Driver/Src/stm32f1xx_hal_tim.o
LOAD ./Drivers/STM32F1xx_HAL_Driver/Src/stm32f1xx_hal_tim_ex.o
LOAD ./External Drivers/ADDER/crdcs_pq_adder.o
LOAD ./External Drivers/COUNTER/crdcs_pq_counter.o
LOAD ./External Drivers/KEYPAD/crdcs_pq_keypad.o
LOAD ./External Drivers/MAIN MENU/crdcs_pq_main_menu.o
LOAD ./External Drivers/OLED Display/crdcs_pq_fonts.o
LOAD ./External Drivers/OLED Display/crdcs_pq_ssd1306.o
LOAD ./External Drivers/TIMER/crdcs_pq_timer.o
LOAD ./Src/main.o
LOAD ./Src/stm32f1xx_hal_msp.o
LOAD ./Src/stm32f1xx_it.o
LOAD ./Src/syscalls.o
LOAD ./Src/sysmem.o
LOAD ./Src/system_stm32f1xx.o
LOAD ./Startup/startup_stm32f103c8tx.o
START GROUP
LOAD c:/st/stm32cubeide_1.8.0/stm32cubeide/plugins/com.st.stm32cube.ide.mcu.externaltools.gnu-tools-for-stm32.9-2020-q2-update.win32_2.0.0.202105311346/tools/bin/../lib/gcc/arm-none-eabi/9.3.1/../../../../arm-none-eabi/lib/thumb/v7-m/nofp\libc_nano.a
LOAD c:/st/stm32cubeide_1.8.0/stm32cubeide/plugins/com.st.stm32cube.ide.mcu.externaltools.gnu-tools-for-stm32.9-2020-q2-update.win32_2.0.0.202105311346/tools/bin/../lib/gcc/arm-none-eabi/9.3.1/../../../../arm-none-eabi/lib/thumb/v7-m/nofp\libm.a
END GROUP
START GROUP
LOAD c:/st/stm32cubeide_1.8.0/stm32cubeide/plugins/com.st.stm32cube.ide.mcu.externaltools.gnu-tools-for-stm32.9-2020-q2-update.win32_2.0.0.202105311346/tools/bin/../lib/gcc/arm-none-eabi/9.3.1/thumb/v7-m/nofp\libgcc.a
LOAD c:/st/stm32cubeide_1.8.0/stm32cubeide/plugins/com.st.stm32cube.ide.mcu.externaltools.gnu-tools-for-stm32.9-2020-q2-update.win32_2.0.0.202105311346/tools/bin/../lib/gcc/arm-none-eabi/9.3.1/../../../../arm-none-eabi/lib/thumb/v7-m/nofp\libc_nano.a
END GROUP
START GROUP
LOAD c:/st/stm32cubeide_1.8.0/stm32cubeide/plugins/com.st.stm32cube.ide.mcu.externaltools.gnu-tools-for-stm32.9-2020-q2-update.win32_2.0.0.202105311346/tools/bin/../lib/gcc/arm-none-eabi/9.3.1/thumb/v7-m/nofp\libgcc.a
LOAD c:/st/stm32cubeide_1.8.0/stm32cubeide/plugins/com.st.stm32cube.ide.mcu.externaltools.gnu-tools-for-stm32.9-2020-q2-update.win32_2.0.0.202105311346/tools/bin/../lib/gcc/arm-none-eabi/9.3.1/../../../../arm-none-eabi/lib/thumb/v7-m/nofp\libc_nano.a
LOAD c:/st/stm32cubeide_1.8.0/stm32cubeide/plugins/com.st.stm32cube.ide.mcu.externaltools.gnu-tools-for-stm32.9-2020-q2-update.win32_2.0.0.202105311346/tools/bin/../lib/gcc/arm-none-eabi/9.3.1/../../../../arm-none-eabi/lib/thumb/v7-m/nofp\libnosys.a
END GROUP
START GROUP
LOAD c:/st/stm32cubeide_1.8.0/stm32cubeide/plugins/com.st.stm32cube.ide.mcu.externaltools.gnu-tools-for-stm32.9-2020-q2-update.win32_2.0.0.202105311346/tools/bin/../lib/gcc/arm-none-eabi/9.3.1/thumb/v7-m/nofp\libgcc.a
LOAD c:/st/stm32cubeide_1.8.0/stm32cubeide/plugins/com.st.stm32cube.ide.mcu.externaltools.gnu-tools-for-stm32.9-2020-q2-update.win32_2.0.0.202105311346/tools/bin/../lib/gcc/arm-none-eabi/9.3.1/../../../../arm-none-eabi/lib/thumb/v7-m/nofp\libc_nano.a
LOAD c:/st/stm32cubeide_1.8.0/stm32cubeide/plugins/com.st.stm32cube.ide.mcu.externaltools.gnu-tools-for-stm32.9-2020-q2-update.win32_2.0.0.202105311346/tools/bin/../lib/gcc/arm-none-eabi/9.3.1/../../../../arm-none-eabi/lib/thumb/v7-m/nofp\libnosys.a
END GROUP
LOAD c:/st/stm32cubeide_1.8.0/stm32cubeide/plugins/com.st.stm32cube.ide.mcu.externaltools.gnu-tools-for-stm32.9-2020-q2-update.win32_2.0.0.202105311346/tools/bin/../lib/gcc/arm-none-eabi/9.3.1/thumb/v7-m/nofp/crtend.o
LOAD c:/st/stm32cubeide_1.8.0/stm32cubeide/plugins/com.st.stm32cube.ide.mcu.externaltools.gnu-tools-for-stm32.9-2020-q2-update.win32_2.0.0.202105311346/tools/bin/../lib/gcc/arm-none-eabi/9.3.1/thumb/v7-m/nofp/crtn.o
                0x0000000020005000                _estack = (ORIGIN (RAM) + LENGTH (RAM))
                0x0000000000000200                _Min_Heap_Size = 0x200
                0x0000000000000400                _Min_Stack_Size = 0x400

.isr_vector     0x0000000008000000      0x10c
                0x0000000008000000                . = ALIGN (0x4)
 *(.isr_vector)
 .isr_vector    0x0000000008000000      0x10c ./Startup/startup_stm32f103c8tx.o
                0x0000000008000000                g_pfnVectors
                0x000000000800010c                . = ALIGN (0x4)

.text           0x000000000800010c     0x45d8
                0x000000000800010c                . = ALIGN (0x4)
 *(.text)
 .text          0x000000000800010c       0x40 c:/st/stm32cubeide_1.8.0/stm32cubeide/plugins/com.st.stm32cube.ide.mcu.externaltools.gnu-tools-for-stm32.9-2020-q2-update.win32_2.0.0.202105311346/tools/bin/../lib/gcc/arm-none-eabi/9.3.1/thumb/v7-m/nofp/crtbegin.o
 *(.text*)
 .text.HAL_Init
                0x000000000800014c       0x2c ./Drivers/STM32F1xx_HAL_Driver/Src/stm32f1xx_hal.o
                0x000000000800014c                HAL_Init
 .text.HAL_InitTick
                0x0000000008000178       0x60 ./Drivers/STM32F1xx_HAL_Driver/Src/stm32f1xx_hal.o
                0x0000000008000178                HAL_InitTick
 .text.HAL_IncTick
                0x00000000080001d8       0x24 ./Drivers/STM32F1xx_HAL_Driver/Src/stm32f1xx_hal.o
                0x00000000080001d8                HAL_IncTick
 .text.HAL_GetTick
                0x00000000080001fc       0x14 ./Drivers/STM32F1xx_HAL_Driver/Src/stm32f1xx_hal.o
                0x00000000080001fc                HAL_GetTick
 .text.__NVIC_SetPriorityGrouping
                0x0000000008000210       0x48 ./Drivers/STM32F1xx_HAL_Driver/Src/stm32f1xx_hal_cortex.o
 .text.__NVIC_GetPriorityGrouping
                0x0000000008000258       0x1c ./Drivers/STM32F1xx_HAL_Driver/Src/stm32f1xx_hal_cortex.o
 .text.__NVIC_EnableIRQ
                0x0000000008000274       0x38 ./Drivers/STM32F1xx_HAL_Driver/Src/stm32f1xx_hal_cortex.o
 .text.__NVIC_SetPriority
                0x00000000080002ac       0x54 ./Drivers/STM32F1xx_HAL_Driver/Src/stm32f1xx_hal_cortex.o
 .text.NVIC_EncodePriority
                0x0000000008000300       0x64 ./Drivers/STM32F1xx_HAL_Driver/Src/stm32f1xx_hal_cortex.o
 .text.SysTick_Config
                0x0000000008000364       0x44 ./Drivers/STM32F1xx_HAL_Driver/Src/stm32f1xx_hal_cortex.o
 .text.HAL_NVIC_SetPriorityGrouping
                0x00000000080003a8       0x16 ./Drivers/STM32F1xx_HAL_Driver/Src/stm32f1xx_hal_cortex.o
                0x00000000080003a8                HAL_NVIC_SetPriorityGrouping
 .text.HAL_NVIC_SetPriority
                0x00000000080003be       0x38 ./Drivers/STM32F1xx_HAL_Driver/Src/stm32f1xx_hal_cortex.o
                0x00000000080003be                HAL_NVIC_SetPriority
 .text.HAL_NVIC_EnableIRQ
                0x00000000080003f6       0x1c ./Drivers/STM32F1xx_HAL_Driver/Src/stm32f1xx_hal_cortex.o
                0x00000000080003f6                HAL_NVIC_EnableIRQ
 .text.HAL_SYSTICK_Config
                0x0000000008000412       0x18 ./Drivers/STM32F1xx_HAL_Driver/Src/stm32f1xx_hal_cortex.o
                0x0000000008000412                HAL_SYSTICK_Config
 *fill*         0x000000000800042a        0x2 
 .text.HAL_GPIO_Init
                0x000000000800042c      0x308 ./Drivers/STM32F1xx_HAL_Driver/Src/stm32f1xx_hal_gpio.o
                0x000000000800042c                HAL_GPIO_Init
 .text.HAL_GPIO_ReadPin
                0x0000000008000734       0x2e ./Drivers/STM32F1xx_HAL_Driver/Src/stm32f1xx_hal_gpio.o
                0x0000000008000734                HAL_GPIO_ReadPin
 .text.HAL_GPIO_WritePin
                0x0000000008000762       0x30 ./Drivers/STM32F1xx_HAL_Driver/Src/stm32f1xx_hal_gpio.o
                0x0000000008000762                HAL_GPIO_WritePin
 *fill*         0x0000000008000792        0x2 
 .text.HAL_I2C_Init
                0x0000000008000794      0x288 ./Drivers/STM32F1xx_HAL_Driver/Src/stm32f1xx_hal_i2c.o
                0x0000000008000794                HAL_I2C_Init
 .text.HAL_I2C_Master_Transmit
                0x0000000008000a1c      0x1fc ./Drivers/STM32F1xx_HAL_Driver/Src/stm32f1xx_hal_i2c.o
                0x0000000008000a1c                HAL_I2C_Master_Transmit
 .text.HAL_I2C_IsDeviceReady
                0x0000000008000c18      0x25c ./Drivers/STM32F1xx_HAL_Driver/Src/stm32f1xx_hal_i2c.o
                0x0000000008000c18                HAL_I2C_IsDeviceReady
 .text.I2C_MasterRequestWrite
                0x0000000008000e74      0x104 ./Drivers/STM32F1xx_HAL_Driver/Src/stm32f1xx_hal_i2c.o
 .text.I2C_WaitOnFlagUntilTimeout
                0x0000000008000f78       0xae ./Drivers/STM32F1xx_HAL_Driver/Src/stm32f1xx_hal_i2c.o
 .text.I2C_WaitOnMasterAddressFlagUntilTimeout
                0x0000000008001026       0xfe ./Drivers/STM32F1xx_HAL_Driver/Src/stm32f1xx_hal_i2c.o
 .text.I2C_WaitOnTXEFlagUntilTimeout
                0x0000000008001124       0x82 ./Drivers/STM32F1xx_HAL_Driver/Src/stm32f1xx_hal_i2c.o
 .text.I2C_WaitOnBTFFlagUntilTimeout
                0x00000000080011a6       0x82 ./Drivers/STM32F1xx_HAL_Driver/Src/stm32f1xx_hal_i2c.o
 .text.I2C_IsAcknowledgeFailed
                0x0000000008001228       0x5c ./Drivers/STM32F1xx_HAL_Driver/Src/stm32f1xx_hal_i2c.o
 .text.HAL_RCC_OscConfig
                0x0000000008001284      0x500 ./Drivers/STM32F1xx_HAL_Driver/Src/stm32f1xx_hal_rcc.o
                0x0000000008001284                HAL_RCC_OscConfig
 .text.HAL_RCC_ClockConfig
                0x0000000008001784      0x1d4 ./Drivers/STM32F1xx_HAL_Driver/Src/stm32f1xx_hal_rcc.o
                0x0000000008001784                HAL_RCC_ClockConfig
 .text.HAL_RCC_GetSysClockFreq
                0x0000000008001958       0xc0 ./Drivers/STM32F1xx_HAL_Driver/Src/stm32f1xx_hal_rcc.o
                0x0000000008001958                HAL_RCC_GetSysClockFreq
 .text.HAL_RCC_GetHCLKFreq
                0x0000000008001a18       0x14 ./Drivers/STM32F1xx_HAL_Driver/Src/stm32f1xx_hal_rcc.o
                0x0000000008001a18                HAL_RCC_GetHCLKFreq
 .text.HAL_RCC_GetPCLK1Freq
                0x0000000008001a2c       0x28 ./Drivers/STM32F1xx_HAL_Driver/Src/stm32f1xx_hal_rcc.o
                0x0000000008001a2c                HAL_RCC_GetPCLK1Freq
 .text.RCC_Delay
                0x0000000008001a54       0x3c ./Drivers/STM32F1xx_HAL_Driver/Src/stm32f1xx_hal_rcc.o
 .text.HAL_TIM_Base_Init
                0x0000000008001a90       0x9e ./Drivers/STM32F1xx_HAL_Driver/Src/stm32f1xx_hal_tim.o
                0x0000000008001a90                HAL_TIM_Base_Init
 *fill*         0x0000000008001b2e        0x2 
 .text.HAL_TIM_Base_Start_IT
                0x0000000008001b30       0xa4 ./Drivers/STM32F1xx_HAL_Driver/Src/stm32f1xx_hal_tim.o
                0x0000000008001b30                HAL_TIM_Base_Start_IT
 .text.HAL_TIM_IRQHandler
                0x0000000008001bd4      0x210 ./Drivers/STM32F1xx_HAL_Driver/Src/stm32f1xx_hal_tim.o
                0x0000000008001bd4                HAL_TIM_IRQHandler
 .text.HAL_TIM_ConfigClockSource
                0x0000000008001de4      0x188 ./Drivers/STM32F1xx_HAL_Driver/Src/stm32f1xx_hal_tim.o
                0x0000000008001de4                HAL_TIM_ConfigClockSource
 .text.HAL_TIM_OC_DelayElapsedCallback
                0x0000000008001f6c       0x12 ./Drivers/STM32F1xx_HAL_Driver/Src/stm32f1xx_hal_tim.o
                0x0000000008001f6c                HAL_TIM_OC_DelayElapsedCallback
 .text.HAL_TIM_IC_CaptureCallback
                0x0000000008001f7e       0x12 ./Drivers/STM32F1xx_HAL_Driver/Src/stm32f1xx_hal_tim.o
                0x0000000008001f7e                HAL_TIM_IC_CaptureCallback
 .text.HAL_TIM_PWM_PulseFinishedCallback
                0x0000000008001f90       0x12 ./Drivers/STM32F1xx_HAL_Driver/Src/stm32f1xx_hal_tim.o
                0x0000000008001f90                HAL_TIM_PWM_PulseFinishedCallback
 .text.HAL_TIM_TriggerCallback
                0x0000000008001fa2       0x12 ./Drivers/STM32F1xx_HAL_Driver/Src/stm32f1xx_hal_tim.o
                0x0000000008001fa2                HAL_TIM_TriggerCallback
 .text.TIM_Base_SetConfig
                0x0000000008001fb4       0xc4 ./Drivers/STM32F1xx_HAL_Driver/Src/stm32f1xx_hal_tim.o
                0x0000000008001fb4                TIM_Base_SetConfig
 .text.TIM_TI1_ConfigInputStage
                0x0000000008002078       0x5c ./Drivers/STM32F1xx_HAL_Driver/Src/stm32f1xx_hal_tim.o
 .text.TIM_TI2_ConfigInputStage
                0x00000000080020d4       0x5e ./Drivers/STM32F1xx_HAL_Driver/Src/stm32f1xx_hal_tim.o
 .text.TIM_ITRx_SetConfig
                0x0000000008002132       0x34 ./Drivers/STM32F1xx_HAL_Driver/Src/stm32f1xx_hal_tim.o
 .text.TIM_ETR_SetConfig
                0x0000000008002166       0x3e ./Drivers/STM32F1xx_HAL_Driver/Src/stm32f1xx_hal_tim.o
                0x0000000008002166                TIM_ETR_SetConfig
 .text.HAL_TIMEx_MasterConfigSynchronization
                0x00000000080021a4       0xbc ./Drivers/STM32F1xx_HAL_Driver/Src/stm32f1xx_hal_tim_ex.o
                0x00000000080021a4                HAL_TIMEx_MasterConfigSynchronization
 .text.HAL_TIMEx_CommutCallback
                0x0000000008002260       0x12 ./Drivers/STM32F1xx_HAL_Driver/Src/stm32f1xx_hal_tim_ex.o
                0x0000000008002260                HAL_TIMEx_CommutCallback
 .text.HAL_TIMEx_BreakCallback
                0x0000000008002272       0x12 ./Drivers/STM32F1xx_HAL_Driver/Src/stm32f1xx_hal_tim_ex.o
                0x0000000008002272                HAL_TIMEx_BreakCallback
 .text.adder_init
                0x0000000008002284       0x28 ./External Drivers/ADDER/crdcs_pq_adder.o
                0x0000000008002284                adder_init
 .text.adder    0x00000000080022ac      0x160 ./External Drivers/ADDER/crdcs_pq_adder.o
                0x00000000080022ac                adder
 .text.request_number_ui
                0x000000000800240c       0x94 ./External Drivers/ADDER/crdcs_pq_adder.o
 .text.checking_number_keypad
                0x00000000080024a0       0xa0 ./External Drivers/ADDER/crdcs_pq_adder.o
 .text.counter_init
                0x0000000008002540       0x28 ./External Drivers/COUNTER/crdcs_pq_counter.o
                0x0000000008002540                counter_init
 .text.counter  0x0000000008002568      0x138 ./External Drivers/COUNTER/crdcs_pq_counter.o
                0x0000000008002568                counter
 .text.keypad_init
                0x00000000080026a0       0x64 ./External Drivers/KEYPAD/crdcs_pq_keypad.o
                0x00000000080026a0                keypad_init
 .text.keypad_scan
                0x0000000008002704      0x888 ./External Drivers/KEYPAD/crdcs_pq_keypad.o
                0x0000000008002704                keypad_scan
 .text.keypad_clear
                0x0000000008002f8c       0x34 ./External Drivers/KEYPAD/crdcs_pq_keypad.o
                0x0000000008002f8c                keypad_clear
 .text.menu_init
                0x0000000008002fc0       0x28 ./External Drivers/MAIN MENU/crdcs_pq_main_menu.o
                0x0000000008002fc0                menu_init
 .text.menu_select
                0x0000000008002fe8       0xe8 ./External Drivers/MAIN MENU/crdcs_pq_main_menu.o
                0x0000000008002fe8                menu_select
 .text.SSD1306_Init
                0x00000000080030d0      0x188 ./External Drivers/OLED Display/crdcs_pq_ssd1306.o
                0x00000000080030d0                SSD1306_Init
 .text.SSD1306_UpdateScreen
                0x0000000008003258       0x5c ./External Drivers/OLED Display/crdcs_pq_ssd1306.o
                0x0000000008003258                SSD1306_UpdateScreen
 .text.SSD1306_Fill
                0x00000000080032b4       0x30 ./External Drivers/OLED Display/crdcs_pq_ssd1306.o
                0x00000000080032b4                SSD1306_Fill
 .text.SSD1306_DrawPixel
                0x00000000080032e4       0xbc ./External Drivers/OLED Display/crdcs_pq_ssd1306.o
                0x00000000080032e4                SSD1306_DrawPixel
 .text.SSD1306_GotoXY
                0x00000000080033a0       0x2c ./External Drivers/OLED Display/crdcs_pq_ssd1306.o
                0x00000000080033a0                SSD1306_GotoXY
 .text.SSD1306_Putc
                0x00000000080033cc      0x100 ./External Drivers/OLED Display/crdcs_pq_ssd1306.o
                0x00000000080033cc                SSD1306_Putc
 .text.SSD1306_Puts
                0x00000000080034cc       0x4a ./External Drivers/OLED Display/crdcs_pq_ssd1306.o
                0x00000000080034cc                SSD1306_Puts
 .text.SSD1306_Clear
                0x0000000008003516       0x12 ./External Drivers/OLED Display/crdcs_pq_ssd1306.o
                0x0000000008003516                SSD1306_Clear
 .text.ssd1306_I2C_Init
                0x0000000008003528       0x28 ./External Drivers/OLED Display/crdcs_pq_ssd1306.o
                0x0000000008003528                ssd1306_I2C_Init
 .text.ssd1306_I2C_WriteMulti
                0x0000000008003550       0x90 ./External Drivers/OLED Display/crdcs_pq_ssd1306.o
                0x0000000008003550                ssd1306_I2C_WriteMulti
 .text.ssd1306_I2C_Write
                0x00000000080035e0       0x3c ./External Drivers/OLED Display/crdcs_pq_ssd1306.o
                0x00000000080035e0                ssd1306_I2C_Write
 .text.print_inline
                0x000000000800361c       0x36 ./External Drivers/OLED Display/crdcs_pq_ssd1306.o
                0x000000000800361c                print_inline
 *fill*         0x0000000008003652        0x2 
 .text.timer_init
                0x0000000008003654       0x28 ./External Drivers/TIMER/crdcs_pq_timer.o
                0x0000000008003654                timer_init
 .text.timer    0x000000000800367c      0x17c ./External Drivers/TIMER/crdcs_pq_timer.o
                0x000000000800367c                timer
 .text.timer_ticks_increment
                0x00000000080037f8       0x28 ./External Drivers/TIMER/crdcs_pq_timer.o
                0x00000000080037f8                timer_ticks_increment
 .text.main     0x0000000008003820       0xb4 ./Src/main.o
                0x0000000008003820                main
 .text.SystemClock_Config
                0x00000000080038d4       0x8a ./Src/main.o
                0x00000000080038d4                SystemClock_Config
 *fill*         0x000000000800395e        0x2 
 .text.MX_I2C1_Init
                0x0000000008003960       0x5c ./Src/main.o
 .text.MX_TIM2_Init
                0x00000000080039bc       0x9c ./Src/main.o
 .text.MX_GPIO_Init
                0x0000000008003a58       0xcc ./Src/main.o
 .text.HAL_TIM_PeriodElapsedCallback
                0x0000000008003b24       0x74 ./Src/main.o
                0x0000000008003b24                HAL_TIM_PeriodElapsedCallback
 .text.Error_Handler
                0x0000000008003b98        0xa ./Src/main.o
                0x0000000008003b98                Error_Handler
 *fill*         0x0000000008003ba2        0x2 
 .text.HAL_MspInit
                0x0000000008003ba4       0x64 ./Src/stm32f1xx_hal_msp.o
                0x0000000008003ba4                HAL_MspInit
 .text.HAL_I2C_MspInit
                0x0000000008003c08       0x7c ./Src/stm32f1xx_hal_msp.o
                0x0000000008003c08                HAL_I2C_MspInit
 .text.HAL_TIM_Base_MspInit
                0x0000000008003c84       0x48 ./Src/stm32f1xx_hal_msp.o
                0x0000000008003c84                HAL_TIM_Base_MspInit
 .text.NMI_Handler
                0x0000000008003ccc        0x6 ./Src/stm32f1xx_it.o
                0x0000000008003ccc                NMI_Handler
 .text.HardFault_Handler
                0x0000000008003cd2        0x6 ./Src/stm32f1xx_it.o
                0x0000000008003cd2                HardFault_Handler
 .text.MemManage_Handler
                0x0000000008003cd8        0x6 ./Src/stm32f1xx_it.o
                0x0000000008003cd8                MemManage_Handler
 .text.BusFault_Handler
                0x0000000008003cde        0x6 ./Src/stm32f1xx_it.o
                0x0000000008003cde                BusFault_Handler
 .text.UsageFault_Handler
                0x0000000008003ce4        0x6 ./Src/stm32f1xx_it.o
                0x0000000008003ce4                UsageFault_Handler
 .text.SVC_Handler
                0x0000000008003cea        0xc ./Src/stm32f1xx_it.o
                0x0000000008003cea                SVC_Handler
 .text.DebugMon_Handler
                0x0000000008003cf6        0xc ./Src/stm32f1xx_it.o
                0x0000000008003cf6                DebugMon_Handler
 .text.PendSV_Handler
                0x0000000008003d02        0xc ./Src/stm32f1xx_it.o
                0x0000000008003d02                PendSV_Handler
 .text.SysTick_Handler
                0x0000000008003d0e        0xc ./Src/stm32f1xx_it.o
                0x0000000008003d0e                SysTick_Handler
 *fill*         0x0000000008003d1a        0x2 
 .text.TIM2_IRQHandler
                0x0000000008003d1c       0x14 ./Src/stm32f1xx_it.o
                0x0000000008003d1c                TIM2_IRQHandler
 .text._sbrk    0x0000000008003d30       0x6c ./Src/sysmem.o
                0x0000000008003d30                _sbrk
 .text.SystemInit
                0x0000000008003d9c        0xc ./Src/system_stm32f1xx.o
                0x0000000008003d9c                SystemInit
 .text.Reset_Handler
                0x0000000008003da8       0x48 ./Startup/startup_stm32f103c8tx.o
                0x0000000008003da8                Reset_Handler
 .text.Default_Handler
                0x0000000008003df0        0x2 ./Startup/startup_stm32f103c8tx.o
                0x0000000008003df0                RTC_Alarm_IRQHandler
                0x0000000008003df0                EXTI2_IRQHandler
                0x0000000008003df0                TIM1_CC_IRQHandler
                0x0000000008003df0                PVD_IRQHandler
                0x0000000008003df0                EXTI3_IRQHandler
                0x0000000008003df0                EXTI0_IRQHandler
                0x0000000008003df0                I2C2_EV_IRQHandler
                0x0000000008003df0                ADC1_2_IRQHandler
                0x0000000008003df0                SPI1_IRQHandler
                0x0000000008003df0                TAMPER_IRQHandler
                0x0000000008003df0                DMA1_Channel4_IRQHandler
                0x0000000008003df0                USART3_IRQHandler
                0x0000000008003df0                RTC_IRQHandler
                0x0000000008003df0                DMA1_Channel7_IRQHandler
                0x0000000008003df0                CAN1_RX1_IRQHandler
                0x0000000008003df0                TIM4_IRQHandler
                0x0000000008003df0                I2C1_EV_IRQHandler
                0x0000000008003df0                DMA1_Channel6_IRQHandler
                0x0000000008003df0                TIM3_IRQHandler
                0x0000000008003df0                RCC_IRQHandler
                0x0000000008003df0                TIM1_TRG_COM_IRQHandler
                0x0000000008003df0                DMA1_Channel1_IRQHandler
                0x0000000008003df0                Default_Handler
                0x0000000008003df0                EXTI15_10_IRQHandler
                0x0000000008003df0                EXTI9_5_IRQHandler
                0x0000000008003df0                SPI2_IRQHandler
                0x0000000008003df0                DMA1_Channel5_IRQHandler
                0x0000000008003df0                EXTI4_IRQHandler
                0x0000000008003df0                USB_LP_CAN1_RX0_IRQHandler
                0x0000000008003df0                USB_HP_CAN1_TX_IRQHandler
                0x0000000008003df0                DMA1_Channel3_IRQHandler
                0x0000000008003df0                TIM1_UP_IRQHandler
                0x0000000008003df0                WWDG_IRQHandler
                0x0000000008003df0                TIM1_BRK_IRQHandler
                0x0000000008003df0                EXTI1_IRQHandler
                0x0000000008003df0                USART2_IRQHandler
                0x0000000008003df0                I2C2_ER_IRQHandler
                0x0000000008003df0                DMA1_Channel2_IRQHandler
                0x0000000008003df0                CAN1_SCE_IRQHandler
                0x0000000008003df0                FLASH_IRQHandler
                0x0000000008003df0                USART1_IRQHandler
                0x0000000008003df0                I2C1_ER_IRQHandler
                0x0000000008003df0                USBWakeUp_IRQHandler
 *fill*         0x0000000008003df2        0x2 
 .text.__errno  0x0000000008003df4        0xc c:/st/stm32cubeide_1.8.0/stm32cubeide/plugins/com.st.stm32cube.ide.mcu.externaltools.gnu-tools-for-stm32.9-2020-q2-update.win32_2.0.0.202105311346/tools/bin/../lib/gcc/arm-none-eabi/9.3.1/../../../../arm-none-eabi/lib/thumb/v7-m/nofp\libc_nano.a(lib_a-errno.o)
                0x0000000008003df4                __errno
 .text.__libc_init_array
                0x0000000008003e00       0x48 c:/st/stm32cubeide_1.8.0/stm32cubeide/plugins/com.st.stm32cube.ide.mcu.externaltools.gnu-tools-for-stm32.9-2020-q2-update.win32_2.0.0.202105311346/tools/bin/../lib/gcc/arm-none-eabi/9.3.1/../../../../arm-none-eabi/lib/thumb/v7-m/nofp\libc_nano.a(lib_a-init.o)
                0x0000000008003e00                __libc_init_array
 .text.memset   0x0000000008003e48       0x10 c:/st/stm32cubeide_1.8.0/stm32cubeide/plugins/com.st.stm32cube.ide.mcu.externaltools.gnu-tools-for-stm32.9-2020-q2-update.win32_2.0.0.202105311346/tools/bin/../lib/gcc/arm-none-eabi/9.3.1/../../../../arm-none-eabi/lib/thumb/v7-m/nofp\libc_nano.a(lib_a-memset.o)
                0x0000000008003e48                memset
 .text.sprintf  0x0000000008003e58       0x40 c:/st/stm32cubeide_1.8.0/stm32cubeide/plugins/com.st.stm32cube.ide.mcu.externaltools.gnu-tools-for-stm32.9-2020-q2-update.win32_2.0.0.202105311346/tools/bin/../lib/gcc/arm-none-eabi/9.3.1/../../../../arm-none-eabi/lib/thumb/v7-m/nofp\libc_nano.a(lib_a-sprintf.o)
                0x0000000008003e58                siprintf
                0x0000000008003e58                sprintf
 .text.__ssputs_r
                0x0000000008003e98       0xb6 c:/st/stm32cubeide_1.8.0/stm32cubeide/plugins/com.st.stm32cube.ide.mcu.externaltools.gnu-tools-for-stm32.9-2020-q2-update.win32_2.0.0.202105311346/tools/bin/../lib/gcc/arm-none-eabi/9.3.1/../../../../arm-none-eabi/lib/thumb/v7-m/nofp\libc_nano.a(lib_a-nano-svfprintf.o)
                0x0000000008003e98                __ssputs_r
 *fill*         0x0000000008003f4e        0x2 
 .text._svfprintf_r
                0x0000000008003f50      0x200 c:/st/stm32cubeide_1.8.0/stm32cubeide/plugins/com.st.stm32cube.ide.mcu.externaltools.gnu-tools-for-stm32.9-2020-q2-update.win32_2.0.0.202105311346/tools/bin/../lib/gcc/arm-none-eabi/9.3.1/../../../../arm-none-eabi/lib/thumb/v7-m/nofp\libc_nano.a(lib_a-nano-svfprintf.o)
                0x0000000008003f50                _svfiprintf_r
                0x0000000008003f50                _svfprintf_r
 .text._printf_common
                0x0000000008004150       0xde c:/st/stm32cubeide_1.8.0/stm32cubeide/plugins/com.st.stm32cube.ide.mcu.externaltools.gnu-tools-for-stm32.9-2020-q2-update.win32_2.0.0.202105311346/tools/bin/../lib/gcc/arm-none-eabi/9.3.1/../../../../arm-none-eabi/lib/thumb/v7-m/nofp\libc_nano.a(lib_a-nano-vfprintf_i.o)
                0x0000000008004150                _printf_common
 *fill*         0x000000000800422e        0x2 
 .text._printf_i
                0x0000000008004230      0x24c c:/st/stm32cubeide_1.8.0/stm32cubeide/plugins/com.st.stm32cube.ide.mcu.externaltools.gnu-tools-for-stm32.9-2020-q2-update.win32_2.0.0.202105311346/tools/bin/../lib/gcc/arm-none-eabi/9.3.1/../../../../arm-none-eabi/lib/thumb/v7-m/nofp\libc_nano.a(lib_a-nano-vfprintf_i.o)
                0x0000000008004230                _printf_i
 .text.memchr   0x000000000800447c       0x1c c:/st/stm32cubeide_1.8.0/stm32cubeide/plugins/com.st.stm32cube.ide.mcu.externaltools.gnu-tools-for-stm32.9-2020-q2-update.win32_2.0.0.202105311346/tools/bin/../lib/gcc/arm-none-eabi/9.3.1/../../../../arm-none-eabi/lib/thumb/v7-m/nofp\libc_nano.a(lib_a-memchr-stub.o)
                0x000000000800447c                memchr
 .text.memcpy   0x0000000008004498       0x1c c:/st/stm32cubeide_1.8.0/stm32cubeide/plugins/com.st.stm32cube.ide.mcu.externaltools.gnu-tools-for-stm32.9-2020-q2-update.win32_2.0.0.202105311346/tools/bin/../lib/gcc/arm-none-eabi/9.3.1/../../../../arm-none-eabi/lib/thumb/v7-m/nofp\libc_nano.a(lib_a-memcpy-stub.o)
                0x0000000008004498                memcpy
 .text.memmove  0x00000000080044b4       0x34 c:/st/stm32cubeide_1.8.0/stm32cubeide/plugins/com.st.stm32cube.ide.mcu.externaltools.gnu-tools-for-stm32.9-2020-q2-update.win32_2.0.0.202105311346/tools/bin/../lib/gcc/arm-none-eabi/9.3.1/../../../../arm-none-eabi/lib/thumb/v7-m/nofp\libc_nano.a(lib_a-memmove.o)
                0x00000000080044b4                memmove
 .text._free_r  0x00000000080044e8       0x98 c:/st/stm32cubeide_1.8.0/stm32cubeide/plugins/com.st.stm32cube.ide.mcu.externaltools.gnu-tools-for-stm32.9-2020-q2-update.win32_2.0.0.202105311346/tools/bin/../lib/gcc/arm-none-eabi/9.3.1/../../../../arm-none-eabi/lib/thumb/v7-m/nofp\libc_nano.a(lib_a-nano-freer.o)
                0x00000000080044e8                _free_r
 .text._malloc_r
                0x0000000008004580       0xb4 c:/st/stm32cubeide_1.8.0/stm32cubeide/plugins/com.st.stm32cube.ide.mcu.externaltools.gnu-tools-for-stm32.9-2020-q2-update.win32_2.0.0.202105311346/tools/bin/../lib/gcc/arm-none-eabi/9.3.1/../../../../arm-none-eabi/lib/thumb/v7-m/nofp\libc_nano.a(lib_a-nano-mallocr.o)
                0x0000000008004580                _malloc_r
 .text._realloc_r
                0x0000000008004634       0x4c c:/st/stm32cubeide_1.8.0/stm32cubeide/plugins/com.st.stm32cube.ide.mcu.externaltools.gnu-tools-for-stm32.9-2020-q2-update.win32_2.0.0.202105311346/tools/bin/../lib/gcc/arm-none-eabi/9.3.1/../../../../arm-none-eabi/lib/thumb/v7-m/nofp\libc_nano.a(lib_a-nano-reallocr.o)
                0x0000000008004634                _realloc_r
 .text._sbrk_r  0x0000000008004680       0x20 c:/st/stm32cubeide_1.8.0/stm32cubeide/plugins/com.st.stm32cube.ide.mcu.externaltools.gnu-tools-for-stm32.9-2020-q2-update.win32_2.0.0.202105311346/tools/bin/../lib/gcc/arm-none-eabi/9.3.1/../../../../arm-none-eabi/lib/thumb/v7-m/nofp\libc_nano.a(lib_a-sbrkr.o)
                0x0000000008004680                _sbrk_r
 .text.__malloc_lock
                0x00000000080046a0        0xc c:/st/stm32cubeide_1.8.0/stm32cubeide/plugins/com.st.stm32cube.ide.mcu.externaltools.gnu-tools-for-stm32.9-2020-q2-update.win32_2.0.0.202105311346/tools/bin/../lib/gcc/arm-none-eabi/9.3.1/../../../../arm-none-eabi/lib/thumb/v7-m/nofp\libc_nano.a(lib_a-mlock.o)
                0x00000000080046a0                __malloc_lock
 .text.__malloc_unlock
                0x00000000080046ac        0xc c:/st/stm32cubeide_1.8.0/stm32cubeide/plugins/com.st.stm32cube.ide.mcu.externaltools.gnu-tools-for-stm32.9-2020-q2-update.win32_2.0.0.202105311346/tools/bin/../lib/gcc/arm-none-eabi/9.3.1/../../../../arm-none-eabi/lib/thumb/v7-m/nofp\libc_nano.a(lib_a-mlock.o)
                0x00000000080046ac                __malloc_unlock
 .text._malloc_usable_size_r
                0x00000000080046b8       0x10 c:/st/stm32cubeide_1.8.0/stm32cubeide/plugins/com.st.stm32cube.ide.mcu.externaltools.gnu-tools-for-stm32.9-2020-q2-update.win32_2.0.0.202105311346/tools/bin/../lib/gcc/arm-none-eabi/9.3.1/../../../../arm-none-eabi/lib/thumb/v7-m/nofp\libc_nano.a(lib_a-nano-msizer.o)
                0x00000000080046b8                _malloc_usable_size_r
 .text.__retarget_lock_acquire_recursive
                0x00000000080046c8        0x2 c:/st/stm32cubeide_1.8.0/stm32cubeide/plugins/com.st.stm32cube.ide.mcu.externaltools.gnu-tools-for-stm32.9-2020-q2-update.win32_2.0.0.202105311346/tools/bin/../lib/gcc/arm-none-eabi/9.3.1/../../../../arm-none-eabi/lib/thumb/v7-m/nofp\libc_nano.a(lib_a-lock.o)
                0x00000000080046c8                __retarget_lock_acquire_recursive
 .text.__retarget_lock_release_recursive
                0x00000000080046ca        0x2 c:/st/stm32cubeide_1.8.0/stm32cubeide/plugins/com.st.stm32cube.ide.mcu.externaltools.gnu-tools-for-stm32.9-2020-q2-update.win32_2.0.0.202105311346/tools/bin/../lib/gcc/arm-none-eabi/9.3.1/../../../../arm-none-eabi/lib/thumb/v7-m/nofp\libc_nano.a(lib_a-lock.o)
                0x00000000080046ca                __retarget_lock_release_recursive
 *(.glue_7)
 .glue_7        0x00000000080046cc        0x0 linker stubs
 *(.glue_7t)
 .glue_7t       0x00000000080046cc        0x0 linker stubs
 *(.eh_frame)
 .eh_frame      0x00000000080046cc        0x0 c:/st/stm32cubeide_1.8.0/stm32cubeide/plugins/com.st.stm32cube.ide.mcu.externaltools.gnu-tools-for-stm32.9-2020-q2-update.win32_2.0.0.202105311346/tools/bin/../lib/gcc/arm-none-eabi/9.3.1/thumb/v7-m/nofp/crtbegin.o
 *(.init)
 .init          0x00000000080046cc        0x4 c:/st/stm32cubeide_1.8.0/stm32cubeide/plugins/com.st.stm32cube.ide.mcu.externaltools.gnu-tools-for-stm32.9-2020-q2-update.win32_2.0.0.202105311346/tools/bin/../lib/gcc/arm-none-eabi/9.3.1/thumb/v7-m/nofp/crti.o
                0x00000000080046cc                _init
 .init          0x00000000080046d0        0x8 c:/st/stm32cubeide_1.8.0/stm32cubeide/plugins/com.st.stm32cube.ide.mcu.externaltools.gnu-tools-for-stm32.9-2020-q2-update.win32_2.0.0.202105311346/tools/bin/../lib/gcc/arm-none-eabi/9.3.1/thumb/v7-m/nofp/crtn.o
 *(.fini)
 .fini          0x00000000080046d8        0x4 c:/st/stm32cubeide_1.8.0/stm32cubeide/plugins/com.st.stm32cube.ide.mcu.externaltools.gnu-tools-for-stm32.9-2020-q2-update.win32_2.0.0.202105311346/tools/bin/../lib/gcc/arm-none-eabi/9.3.1/thumb/v7-m/nofp/crti.o
                0x00000000080046d8                _fini
 .fini          0x00000000080046dc        0x8 c:/st/stm32cubeide_1.8.0/stm32cubeide/plugins/com.st.stm32cube.ide.mcu.externaltools.gnu-tools-for-stm32.9-2020-q2-update.win32_2.0.0.202105311346/tools/bin/../lib/gcc/arm-none-eabi/9.3.1/thumb/v7-m/nofp/crtn.o
                0x00000000080046e4                . = ALIGN (0x4)
                0x00000000080046e4                _etext = .

.vfp11_veneer   0x00000000080046e4        0x0
 .vfp11_veneer  0x00000000080046e4        0x0 linker stubs

.v4_bx          0x00000000080046e4        0x0
 .v4_bx         0x00000000080046e4        0x0 linker stubs

.iplt           0x00000000080046e4        0x0
 .iplt          0x00000000080046e4        0x0 c:/st/stm32cubeide_1.8.0/stm32cubeide/plugins/com.st.stm32cube.ide.mcu.externaltools.gnu-tools-for-stm32.9-2020-q2-update.win32_2.0.0.202105311346/tools/bin/../lib/gcc/arm-none-eabi/9.3.1/thumb/v7-m/nofp/crtbegin.o

.rodata         0x00000000080046e4      0x8c0
                0x00000000080046e4                . = ALIGN (0x4)
 *(.rodata)
 .rodata        0x00000000080046e4       0x10 ./Drivers/STM32F1xx_HAL_Driver/Src/stm32f1xx_hal_rcc.o
 .rodata        0x00000000080046f4       0x46 ./External Drivers/ADDER/crdcs_pq_adder.o
 *fill*         0x000000000800473a        0x2 
 .rodata        0x000000000800473c       0x2e ./External Drivers/COUNTER/crdcs_pq_counter.o
 *fill*         0x000000000800476a        0x2 
 .rodata        0x000000000800476c       0x26 ./External Drivers/MAIN MENU/crdcs_pq_main_menu.o
 *fill*         0x0000000008004792        0x2 
 .rodata        0x0000000008004794       0x25 ./External Drivers/TIMER/crdcs_pq_timer.o
 *(.rodata*)
 *fill*         0x00000000080047b9        0x3 
 .rodata.Font7x10
                0x00000000080047bc      0x76c ./External Drivers/OLED Display/crdcs_pq_fonts.o
                0x00000000080047bc                Font7x10
 .rodata.g_keypad_cfgparam_ext
                0x0000000008004f28       0x30 ./Src/main.o
                0x0000000008004f28                g_keypad_cfgparam_ext
 .rodata.AHBPrescTable
                0x0000000008004f58       0x10 ./Src/system_stm32f1xx.o
                0x0000000008004f58                AHBPrescTable
 .rodata.APBPrescTable
                0x0000000008004f68        0x8 ./Src/system_stm32f1xx.o
                0x0000000008004f68                APBPrescTable
 .rodata._svfprintf_r.str1.1
                0x0000000008004f70       0x11 c:/st/stm32cubeide_1.8.0/stm32cubeide/plugins/com.st.stm32cube.ide.mcu.externaltools.gnu-tools-for-stm32.9-2020-q2-update.win32_2.0.0.202105311346/tools/bin/../lib/gcc/arm-none-eabi/9.3.1/../../../../arm-none-eabi/lib/thumb/v7-m/nofp\libc_nano.a(lib_a-nano-svfprintf.o)
 .rodata._printf_i.str1.1
                0x0000000008004f81       0x22 c:/st/stm32cubeide_1.8.0/stm32cubeide/plugins/com.st.stm32cube.ide.mcu.externaltools.gnu-tools-for-stm32.9-2020-q2-update.win32_2.0.0.202105311346/tools/bin/../lib/gcc/arm-none-eabi/9.3.1/../../../../arm-none-eabi/lib/thumb/v7-m/nofp\libc_nano.a(lib_a-nano-vfprintf_i.o)
                0x0000000008004fa4                . = ALIGN (0x4)
 *fill*         0x0000000008004fa3        0x1 

.rel.dyn        0x0000000008004fa4        0x0
 .rel.iplt      0x0000000008004fa4        0x0 c:/st/stm32cubeide_1.8.0/stm32cubeide/plugins/com.st.stm32cube.ide.mcu.externaltools.gnu-tools-for-stm32.9-2020-q2-update.win32_2.0.0.202105311346/tools/bin/../lib/gcc/arm-none-eabi/9.3.1/thumb/v7-m/nofp/crtbegin.o

.ARM.extab      0x0000000008004fa4        0x0
                0x0000000008004fa4                . = ALIGN (0x4)
 *(.ARM.extab* .gnu.linkonce.armextab.*)
                0x0000000008004fa4                . = ALIGN (0x4)

.ARM            0x0000000008004fa4        0x0
                0x0000000008004fa4                . = ALIGN (0x4)
                0x0000000008004fa4                __exidx_start = .
 *(.ARM.exidx*)
                0x0000000008004fa4                __exidx_end = .
                0x0000000008004fa4                . = ALIGN (0x4)

.preinit_array  0x0000000008004fa4        0x0
                0x0000000008004fa4                . = ALIGN (0x4)
                0x0000000008004fa4                PROVIDE (__preinit_array_start = .)
 *(.preinit_array*)
                0x0000000008004fa4                PROVIDE (__preinit_array_end = .)
                0x0000000008004fa4                . = ALIGN (0x4)

.init_array     0x0000000008004fa4        0x4
                0x0000000008004fa4                . = ALIGN (0x4)
                0x0000000008004fa4                PROVIDE (__init_array_start = .)
 *(SORT_BY_NAME(.init_array.*))
 *(.init_array*)
 .init_array    0x0000000008004fa4        0x4 c:/st/stm32cubeide_1.8.0/stm32cubeide/plugins/com.st.stm32cube.ide.mcu.externaltools.gnu-tools-for-stm32.9-2020-q2-update.win32_2.0.0.202105311346/tools/bin/../lib/gcc/arm-none-eabi/9.3.1/thumb/v7-m/nofp/crtbegin.o
                0x0000000008004fa8                PROVIDE (__init_array_end = .)
                0x0000000008004fa8                . = ALIGN (0x4)

.fini_array     0x0000000008004fa8        0x4
                0x0000000008004fa8                . = ALIGN (0x4)
                [!provide]                        PROVIDE (__fini_array_start = .)
 *(SORT_BY_NAME(.fini_array.*))
 *(.fini_array*)
 .fini_array    0x0000000008004fa8        0x4 c:/st/stm32cubeide_1.8.0/stm32cubeide/plugins/com.st.stm32cube.ide.mcu.externaltools.gnu-tools-for-stm32.9-2020-q2-update.win32_2.0.0.202105311346/tools/bin/../lib/gcc/arm-none-eabi/9.3.1/thumb/v7-m/nofp/crtbegin.o
                [!provide]                        PROVIDE (__fini_array_end = .)
                0x0000000008004fac                . = ALIGN (0x4)
                0x0000000008004fac                _sidata = LOADADDR (.data)

.data           0x0000000020000000       0xa0 load address 0x0000000008004fac
                0x0000000020000000                . = ALIGN (0x4)
                0x0000000020000000                _sdata = .
 *(.data)
 *(.data*)
 .data.uwTickPrio
                0x0000000020000000        0x4 ./Drivers/STM32F1xx_HAL_Driver/Src/stm32f1xx_hal.o
                0x0000000020000000                uwTickPrio
 .data.uwTickFreq
                0x0000000020000004        0x1 ./Drivers/STM32F1xx_HAL_Driver/Src/stm32f1xx_hal.o
                0x0000000020000004                uwTickFreq
 *fill*         0x0000000020000005        0x3 
 .data.num_values
                0x0000000020000008        0xc ./External Drivers/ADDER/crdcs_pq_adder.o
 .data.stage.7220
                0x0000000020000014        0x1 ./External Drivers/ADDER/crdcs_pq_adder.o
 .data.stage.7209
                0x0000000020000015        0x1 ./External Drivers/COUNTER/crdcs_pq_counter.o
 *fill*         0x0000000020000016        0x2 
 .data.button_values
                0x0000000020000018       0x10 ./External Drivers/KEYPAD/crdcs_pq_keypad.o
 .data.stage.7202
                0x0000000020000028        0x1 ./External Drivers/MAIN MENU/crdcs_pq_main_menu.o
 *fill*         0x0000000020000029        0x3 
 .data.Font_7x10
                0x000000002000002c        0x8 ./External Drivers/OLED Display/crdcs_pq_fonts.o
                0x000000002000002c                Font_7x10
 .data.stage.7212
                0x0000000020000034        0x1 ./External Drivers/TIMER/crdcs_pq_timer.o
 *fill*         0x0000000020000035        0x1 
 .data.g_trigger_level
                0x0000000020000036        0x2 ./Src/main.o
                0x0000000020000036                g_trigger_level
 .data.SystemCoreClock
                0x0000000020000038        0x4 ./Src/system_stm32f1xx.o
                0x0000000020000038                SystemCoreClock
 .data._impure_ptr
                0x000000002000003c        0x4 c:/st/stm32cubeide_1.8.0/stm32cubeide/plugins/com.st.stm32cube.ide.mcu.externaltools.gnu-tools-for-stm32.9-2020-q2-update.win32_2.0.0.202105311346/tools/bin/../lib/gcc/arm-none-eabi/9.3.1/../../../../arm-none-eabi/lib/thumb/v7-m/nofp\libc_nano.a(lib_a-impure.o)
                0x000000002000003c                _impure_ptr
 .data.impure_data
                0x0000000020000040       0x60 c:/st/stm32cubeide_1.8.0/stm32cubeide/plugins/com.st.stm32cube.ide.mcu.externaltools.gnu-tools-for-stm32.9-2020-q2-update.win32_2.0.0.202105311346/tools/bin/../lib/gcc/arm-none-eabi/9.3.1/../../../../arm-none-eabi/lib/thumb/v7-m/nofp\libc_nano.a(lib_a-impure.o)
 *(.RamFunc)
 *(.RamFunc*)
                0x00000000200000a0                . = ALIGN (0x4)
                0x00000000200000a0                _edata = .

.igot.plt       0x00000000200000a0        0x0 load address 0x000000000800504c
 .igot.plt      0x00000000200000a0        0x0 c:/st/stm32cubeide_1.8.0/stm32cubeide/plugins/com.st.stm32cube.ide.mcu.externaltools.gnu-tools-for-stm32.9-2020-q2-update.win32_2.0.0.202105311346/tools/bin/../lib/gcc/arm-none-eabi/9.3.1/thumb/v7-m/nofp/crtbegin.o
                0x00000000200000a0                . = ALIGN (0x4)

.bss            0x00000000200000a0      0x568 load address 0x000000000800504c
                0x00000000200000a0                _sbss = .
                0x00000000200000a0                __bss_start__ = _sbss
 *(.bss)
 .bss           0x00000000200000a0       0x1c c:/st/stm32cubeide_1.8.0/stm32cubeide/plugins/com.st.stm32cube.ide.mcu.externaltools.gnu-tools-for-stm32.9-2020-q2-update.win32_2.0.0.202105311346/tools/bin/../lib/gcc/arm-none-eabi/9.3.1/thumb/v7-m/nofp/crtbegin.o
 *(.bss*)
 .bss.button_values
                0x00000000200000bc        0x4 ./External Drivers/ADDER/crdcs_pq_adder.o
 .bss.key_state_adder
                0x00000000200000c0        0x4 ./External Drivers/ADDER/crdcs_pq_adder.o
 .bss.button_values
                0x00000000200000c4        0x4 ./External Drivers/COUNTER/crdcs_pq_counter.o
 .bss.key_state_counter
                0x00000000200000c8        0x4 ./External Drivers/COUNTER/crdcs_pq_counter.o
 .bss.keypad_info
                0x00000000200000cc        0x4 ./External Drivers/KEYPAD/crdcs_pq_keypad.o
 .bss.keypad_cfgparam
                0x00000000200000d0       0x30 ./External Drivers/KEYPAD/crdcs_pq_keypad.o
 .bss.key_state
                0x0000000020000100        0x4 ./External Drivers/MAIN MENU/crdcs_pq_main_menu.o
 .bss.button_values
                0x0000000020000104        0x4 ./External Drivers/MAIN MENU/crdcs_pq_main_menu.o
 .bss.SSD1306_Buffer
                0x0000000020000108      0x400 ./External Drivers/OLED Display/crdcs_pq_ssd1306.o
 .bss.SSD1306   0x0000000020000508        0x6 ./External Drivers/OLED Display/crdcs_pq_ssd1306.o
 *fill*         0x000000002000050e        0x2 
 .bss.button_values
                0x0000000020000510        0x4 ./External Drivers/TIMER/crdcs_pq_timer.o
 .bss.key_state_timer
                0x0000000020000514        0x4 ./External Drivers/TIMER/crdcs_pq_timer.o
 .bss.g_key_states_arr
                0x0000000020000518       0x10 ./Src/main.o
                0x0000000020000518                g_key_states_arr
 .bss.g_sys_ticks
                0x0000000020000528        0x2 ./Src/main.o
                0x0000000020000528                g_sys_ticks
 *fill*         0x000000002000052a        0x2 
 .bss.__sbrk_heap_end
                0x000000002000052c        0x4 ./Src/sysmem.o
 .bss.__malloc_free_list
                0x0000000020000530        0x4 c:/st/stm32cubeide_1.8.0/stm32cubeide/plugins/com.st.stm32cube.ide.mcu.externaltools.gnu-tools-for-stm32.9-2020-q2-update.win32_2.0.0.202105311346/tools/bin/../lib/gcc/arm-none-eabi/9.3.1/../../../../arm-none-eabi/lib/thumb/v7-m/nofp\libc_nano.a(lib_a-nano-mallocr.o)
                0x0000000020000530                __malloc_free_list
 .bss.__malloc_sbrk_start
                0x0000000020000534        0x4 c:/st/stm32cubeide_1.8.0/stm32cubeide/plugins/com.st.stm32cube.ide.mcu.externaltools.gnu-tools-for-stm32.9-2020-q2-update.win32_2.0.0.202105311346/tools/bin/../lib/gcc/arm-none-eabi/9.3.1/../../../../arm-none-eabi/lib/thumb/v7-m/nofp\libc_nano.a(lib_a-nano-mallocr.o)
                0x0000000020000534                __malloc_sbrk_start
 *(COMMON)
 COMMON         0x0000000020000538        0x4 ./Drivers/STM32F1xx_HAL_Driver/Src/stm32f1xx_hal.o
                0x0000000020000538                uwTick
 COMMON         0x000000002000053c        0x3 ./External Drivers/ADDER/crdcs_pq_adder.o
                0x000000002000053c                current_mode
                0x000000002000053d                num2
                0x000000002000053e                num1
 *fill*         0x000000002000053f        0x1 
 COMMON         0x0000000020000540        0x2 ./External Drivers/COUNTER/crdcs_pq_counter.o
                0x0000000020000540                button_presses_count
 *fill*         0x0000000020000542        0x2 
 COMMON         0x0000000020000544        0x8 ./External Drivers/TIMER/crdcs_pq_timer.o
                0x0000000020000544                timer_time
                0x0000000020000545                timer_state
                0x0000000020000548                timer_ticks
 COMMON         0x000000002000054c       0xac ./Src/main.o
                0x000000002000054c                hi2c1
                0x00000000200005a0                g_keypad_val
                0x00000000200005b0                htim2
 COMMON         0x00000000200005f8        0x4 c:/st/stm32cubeide_1.8.0/stm32cubeide/plugins/com.st.stm32cube.ide.mcu.externaltools.gnu-tools-for-stm32.9-2020-q2-update.win32_2.0.0.202105311346/tools/bin/../lib/gcc/arm-none-eabi/9.3.1/../../../../arm-none-eabi/lib/thumb/v7-m/nofp\libc_nano.a(lib_a-reent.o)
                0x00000000200005f8                errno
 COMMON         0x00000000200005fc        0x9 c:/st/stm32cubeide_1.8.0/stm32cubeide/plugins/com.st.stm32cube.ide.mcu.externaltools.gnu-tools-for-stm32.9-2020-q2-update.win32_2.0.0.202105311346/tools/bin/../lib/gcc/arm-none-eabi/9.3.1/../../../../arm-none-eabi/lib/thumb/v7-m/nofp\libc_nano.a(lib_a-lock.o)
                0x00000000200005fc                __lock___atexit_recursive_mutex
                0x00000000200005fd                __lock___arc4random_mutex
                0x00000000200005fe                __lock___env_recursive_mutex
                0x00000000200005ff                __lock___sinit_recursive_mutex
                0x0000000020000600                __lock___malloc_recursive_mutex
                0x0000000020000601                __lock___at_quick_exit_mutex
                0x0000000020000602                __lock___dd_hash_mutex
                0x0000000020000603                __lock___tz_mutex
                0x0000000020000604                __lock___sfp_recursive_mutex
                0x0000000020000608                . = ALIGN (0x4)
 *fill*         0x0000000020000605        0x3 
                0x0000000020000608                _ebss = .
                0x0000000020000608                __bss_end__ = _ebss

._user_heap_stack
                0x0000000020000608      0x600 load address 0x000000000800504c
                0x0000000020000608                . = ALIGN (0x8)
                [!provide]                        PROVIDE (end = .)
                0x0000000020000608                PROVIDE (_end = .)
                0x0000000020000808                . = (. + _Min_Heap_Size)
 *fill*         0x0000000020000608      0x200 
                0x0000000020000c08                . = (. + _Min_Stack_Size)
 *fill*         0x0000000020000808      0x400 
                0x0000000020000c08                . = ALIGN (0x8)

/DISCARD/
 libc.a(*)
 libm.a(*)
 libgcc.a(*)

.ARM.attributes
                0x0000000000000000       0x29
 *(.ARM.attributes)
 .ARM.attributes
                0x0000000000000000       0x1d c:/st/stm32cubeide_1.8.0/stm32cubeide/plugins/com.st.stm32cube.ide.mcu.externaltools.gnu-tools-for-stm32.9-2020-q2-update.win32_2.0.0.202105311346/tools/bin/../lib/gcc/arm-none-eabi/9.3.1/thumb/v7-m/nofp/crti.o
 .ARM.attributes
                0x000000000000001d       0x2d c:/st/stm32cubeide_1.8.0/stm32cubeide/plugins/com.st.stm32cube.ide.mcu.externaltools.gnu-tools-for-stm32.9-2020-q2-update.win32_2.0.0.202105311346/tools/bin/../lib/gcc/arm-none-eabi/9.3.1/thumb/v7-m/nofp/crtbegin.o
 .ARM.attributes
                0x000000000000004a       0x2d ./Drivers/STM32F1xx_HAL_Driver/Src/stm32f1xx_hal.o
 .ARM.attributes
                0x0000000000000077       0x2d ./Drivers/STM32F1xx_HAL_Driver/Src/stm32f1xx_hal_cortex.o
 .ARM.attributes
                0x00000000000000a4       0x2d ./Drivers/STM32F1xx_HAL_Driver/Src/stm32f1xx_hal_gpio.o
 .ARM.attributes
                0x00000000000000d1       0x2d ./Drivers/STM32F1xx_HAL_Driver/Src/stm32f1xx_hal_i2c.o
 .ARM.attributes
                0x00000000000000fe       0x2d ./Drivers/STM32F1xx_HAL_Driver/Src/stm32f1xx_hal_rcc.o
 .ARM.attributes
                0x000000000000012b       0x2d ./Drivers/STM32F1xx_HAL_Driver/Src/stm32f1xx_hal_tim.o
 .ARM.attributes
                0x0000000000000158       0x2d ./Drivers/STM32F1xx_HAL_Driver/Src/stm32f1xx_hal_tim_ex.o
 .ARM.attributes
                0x0000000000000185       0x2d ./External Drivers/ADDER/crdcs_pq_adder.o
 .ARM.attributes
                0x00000000000001b2       0x2d ./External Drivers/COUNTER/crdcs_pq_counter.o
 .ARM.attributes
                0x00000000000001df       0x2d ./External Drivers/KEYPAD/crdcs_pq_keypad.o
 .ARM.attributes
                0x000000000000020c       0x2d ./External Drivers/MAIN MENU/crdcs_pq_main_menu.o
 .ARM.attributes
                0x0000000000000239       0x2d ./External Drivers/OLED Display/crdcs_pq_fonts.o
 .ARM.attributes
                0x0000000000000266       0x2d ./External Drivers/OLED Display/crdcs_pq_ssd1306.o
 .ARM.attributes
                0x0000000000000293       0x2d ./External Drivers/TIMER/crdcs_pq_timer.o
 .ARM.attributes
                0x00000000000002c0       0x2d ./Src/main.o
 .ARM.attributes
                0x00000000000002ed       0x2d ./Src/stm32f1xx_hal_msp.o
 .ARM.attributes
                0x000000000000031a       0x2d ./Src/stm32f1xx_it.o
 .ARM.attributes
                0x0000000000000347       0x2d ./Src/sysmem.o
 .ARM.attributes
                0x0000000000000374       0x2d ./Src/system_stm32f1xx.o
 .ARM.attributes
                0x00000000000003a1       0x21 ./Startup/startup_stm32f103c8tx.o
 .ARM.attributes
                0x00000000000003c2       0x2d c:/st/stm32cubeide_1.8.0/stm32cubeide/plugins/com.st.stm32cube.ide.mcu.externaltools.gnu-tools-for-stm32.9-2020-q2-update.win32_2.0.0.202105311346/tools/bin/../lib/gcc/arm-none-eabi/9.3.1/../../../../arm-none-eabi/lib/thumb/v7-m/nofp\libc_nano.a(lib_a-errno.o)
 .ARM.attributes
                0x00000000000003ef       0x2d c:/st/stm32cubeide_1.8.0/stm32cubeide/plugins/com.st.stm32cube.ide.mcu.externaltools.gnu-tools-for-stm32.9-2020-q2-update.win32_2.0.0.202105311346/tools/bin/../lib/gcc/arm-none-eabi/9.3.1/../../../../arm-none-eabi/lib/thumb/v7-m/nofp\libc_nano.a(lib_a-impure.o)
 .ARM.attributes
                0x000000000000041c       0x2d c:/st/stm32cubeide_1.8.0/stm32cubeide/plugins/com.st.stm32cube.ide.mcu.externaltools.gnu-tools-for-stm32.9-2020-q2-update.win32_2.0.0.202105311346/tools/bin/../lib/gcc/arm-none-eabi/9.3.1/../../../../arm-none-eabi/lib/thumb/v7-m/nofp\libc_nano.a(lib_a-init.o)
 .ARM.attributes
                0x0000000000000449       0x2d c:/st/stm32cubeide_1.8.0/stm32cubeide/plugins/com.st.stm32cube.ide.mcu.externaltools.gnu-tools-for-stm32.9-2020-q2-update.win32_2.0.0.202105311346/tools/bin/../lib/gcc/arm-none-eabi/9.3.1/../../../../arm-none-eabi/lib/thumb/v7-m/nofp\libc_nano.a(lib_a-memset.o)
 .ARM.attributes
                0x0000000000000476       0x2d c:/st/stm32cubeide_1.8.0/stm32cubeide/plugins/com.st.stm32cube.ide.mcu.externaltools.gnu-tools-for-stm32.9-2020-q2-update.win32_2.0.0.202105311346/tools/bin/../lib/gcc/arm-none-eabi/9.3.1/../../../../arm-none-eabi/lib/thumb/v7-m/nofp\libc_nano.a(lib_a-sprintf.o)
 .ARM.attributes
                0x00000000000004a3       0x2d c:/st/stm32cubeide_1.8.0/stm32cubeide/plugins/com.st.stm32cube.ide.mcu.externaltools.gnu-tools-for-stm32.9-2020-q2-update.win32_2.0.0.202105311346/tools/bin/../lib/gcc/arm-none-eabi/9.3.1/../../../../arm-none-eabi/lib/thumb/v7-m/nofp\libc_nano.a(lib_a-nano-svfprintf.o)
 .ARM.attributes
                0x00000000000004d0       0x2d c:/st/stm32cubeide_1.8.0/stm32cubeide/plugins/com.st.stm32cube.ide.mcu.externaltools.gnu-tools-for-stm32.9-2020-q2-update.win32_2.0.0.202105311346/tools/bin/../lib/gcc/arm-none-eabi/9.3.1/../../../../arm-none-eabi/lib/thumb/v7-m/nofp\libc_nano.a(lib_a-nano-vfprintf_i.o)
 .ARM.attributes
                0x00000000000004fd       0x2d c:/st/stm32cubeide_1.8.0/stm32cubeide/plugins/com.st.stm32cube.ide.mcu.externaltools.gnu-tools-for-stm32.9-2020-q2-update.win32_2.0.0.202105311346/tools/bin/../lib/gcc/arm-none-eabi/9.3.1/../../../../arm-none-eabi/lib/thumb/v7-m/nofp\libc_nano.a(lib_a-memchr-stub.o)
 .ARM.attributes
                0x000000000000052a       0x2d c:/st/stm32cubeide_1.8.0/stm32cubeide/plugins/com.st.stm32cube.ide.mcu.externaltools.gnu-tools-for-stm32.9-2020-q2-update.win32_2.0.0.202105311346/tools/bin/../lib/gcc/arm-none-eabi/9.3.1/../../../../arm-none-eabi/lib/thumb/v7-m/nofp\libc_nano.a(lib_a-memcpy-stub.o)
 .ARM.attributes
                0x0000000000000557       0x2d c:/st/stm32cubeide_1.8.0/stm32cubeide/plugins/com.st.stm32cube.ide.mcu.externaltools.gnu-tools-for-stm32.9-2020-q2-update.win32_2.0.0.202105311346/tools/bin/../lib/gcc/arm-none-eabi/9.3.1/../../../../arm-none-eabi/lib/thumb/v7-m/nofp\libc_nano.a(lib_a-memmove.o)
 .ARM.attributes
                0x0000000000000584       0x2d c:/st/stm32cubeide_1.8.0/stm32cubeide/plugins/com.st.stm32cube.ide.mcu.externaltools.gnu-tools-for-stm32.9-2020-q2-update.win32_2.0.0.202105311346/tools/bin/../lib/gcc/arm-none-eabi/9.3.1/../../../../arm-none-eabi/lib/thumb/v7-m/nofp\libc_nano.a(lib_a-nano-freer.o)
 .ARM.attributes
                0x00000000000005b1       0x2d c:/st/stm32cubeide_1.8.0/stm32cubeide/plugins/com.st.stm32cube.ide.mcu.externaltools.gnu-tools-for-stm32.9-2020-q2-update.win32_2.0.0.202105311346/tools/bin/../lib/gcc/arm-none-eabi/9.3.1/../../../../arm-none-eabi/lib/thumb/v7-m/nofp\libc_nano.a(lib_a-nano-mallocr.o)
 .ARM.attributes
                0x00000000000005de       0x2d c:/st/stm32cubeide_1.8.0/stm32cubeide/plugins/com.st.stm32cube.ide.mcu.externaltools.gnu-tools-for-stm32.9-2020-q2-update.win32_2.0.0.202105311346/tools/bin/../lib/gcc/arm-none-eabi/9.3.1/../../../../arm-none-eabi/lib/thumb/v7-m/nofp\libc_nano.a(lib_a-nano-reallocr.o)
 .ARM.attributes
                0x000000000000060b       0x2d c:/st/stm32cubeide_1.8.0/stm32cubeide/plugins/com.st.stm32cube.ide.mcu.externaltools.gnu-tools-for-stm32.9-2020-q2-update.win32_2.0.0.202105311346/tools/bin/../lib/gcc/arm-none-eabi/9.3.1/../../../../arm-none-eabi/lib/thumb/v7-m/nofp\libc_nano.a(lib_a-sbrkr.o)
 .ARM.attributes
                0x0000000000000638       0x2d c:/st/stm32cubeide_1.8.0/stm32cubeide/plugins/com.st.stm32cube.ide.mcu.externaltools.gnu-tools-for-stm32.9-2020-q2-update.win32_2.0.0.202105311346/tools/bin/../lib/gcc/arm-none-eabi/9.3.1/../../../../arm-none-eabi/lib/thumb/v7-m/nofp\libc_nano.a(lib_a-mlock.o)
 .ARM.attributes
                0x0000000000000665       0x2d c:/st/stm32cubeide_1.8.0/stm32cubeide/plugins/com.st.stm32cube.ide.mcu.externaltools.gnu-tools-for-stm32.9-2020-q2-update.win32_2.0.0.202105311346/tools/bin/../lib/gcc/arm-none-eabi/9.3.1/../../../../arm-none-eabi/lib/thumb/v7-m/nofp\libc_nano.a(lib_a-nano-msizer.o)
 .ARM.attributes
                0x0000000000000692       0x2d c:/st/stm32cubeide_1.8.0/stm32cubeide/plugins/com.st.stm32cube.ide.mcu.externaltools.gnu-tools-for-stm32.9-2020-q2-update.win32_2.0.0.202105311346/tools/bin/../lib/gcc/arm-none-eabi/9.3.1/../../../../arm-none-eabi/lib/thumb/v7-m/nofp\libc_nano.a(lib_a-reent.o)
 .ARM.attributes
                0x00000000000006bf       0x2d c:/st/stm32cubeide_1.8.0/stm32cubeide/plugins/com.st.stm32cube.ide.mcu.externaltools.gnu-tools-for-stm32.9-2020-q2-update.win32_2.0.0.202105311346/tools/bin/../lib/gcc/arm-none-eabi/9.3.1/../../../../arm-none-eabi/lib/thumb/v7-m/nofp\libc_nano.a(lib_a-lock.o)
 .ARM.attributes
                0x00000000000006ec       0x1d c:/st/stm32cubeide_1.8.0/stm32cubeide/plugins/com.st.stm32cube.ide.mcu.externaltools.gnu-tools-for-stm32.9-2020-q2-update.win32_2.0.0.202105311346/tools/bin/../lib/gcc/arm-none-eabi/9.3.1/thumb/v7-m/nofp/crtn.o
OUTPUT(UI Design New.elf elf32-littlearm)
LOAD linker stubs
LOAD c:/st/stm32cubeide_1.8.0/stm32cubeide/plugins/com.st.stm32cube.ide.mcu.externaltools.gnu-tools-for-stm32.9-2020-q2-update.win32_2.0.0.202105311346/tools/bin/../lib/gcc/arm-none-eabi/9.3.1/../../../../arm-none-eabi/lib/thumb/v7-m/nofp\libc.a
LOAD c:/st/stm32cubeide_1.8.0/stm32cubeide/plugins/com.st.stm32cube.ide.mcu.externaltools.gnu-tools-for-stm32.9-2020-q2-update.win32_2.0.0.202105311346/tools/bin/../lib/gcc/arm-none-eabi/9.3.1/../../../../arm-none-eabi/lib/thumb/v7-m/nofp\libm.a
LOAD c:/st/stm32cubeide_1.8.0/stm32cubeide/plugins/com.st.stm32cube.ide.mcu.externaltools.gnu-tools-for-stm32.9-2020-q2-update.win32_2.0.0.202105311346/tools/bin/../lib/gcc/arm-none-eabi/9.3.1/thumb/v7-m/nofp\libgcc.a

.debug_info     0x0000000000000000    0x12729
 .debug_info    0x0000000000000000      0x76a ./Drivers/STM32F1xx_HAL_Driver/Src/stm32f1xx_hal.o
 .debug_info    0x000000000000076a      0xbdc ./Drivers/STM32F1xx_HAL_Driver/Src/stm32f1xx_hal_cortex.o
 .debug_info    0x0000000000001346      0x701 ./Drivers/STM32F1xx_HAL_Driver/Src/stm32f1xx_hal_gpio.o
 .debug_info    0x0000000000001a47     0x278e ./Drivers/STM32F1xx_HAL_Driver/Src/stm32f1xx_hal_i2c.o
 .debug_info    0x00000000000041d5      0x88d ./Drivers/STM32F1xx_HAL_Driver/Src/stm32f1xx_hal_rcc.o
 .debug_info    0x0000000000004a62     0x2a44 ./Drivers/STM32F1xx_HAL_Driver/Src/stm32f1xx_hal_tim.o
 .debug_info    0x00000000000074a6     0x14d5 ./Drivers/STM32F1xx_HAL_Driver/Src/stm32f1xx_hal_tim_ex.o
 .debug_info    0x000000000000897b      0xea1 ./External Drivers/ADDER/crdcs_pq_adder.o
 .debug_info    0x000000000000981c      0xcef ./External Drivers/COUNTER/crdcs_pq_counter.o
 .debug_info    0x000000000000a50b      0x496 ./External Drivers/KEYPAD/crdcs_pq_keypad.o
 .debug_info    0x000000000000a9a1      0xc74 ./External Drivers/MAIN MENU/crdcs_pq_main_menu.o
 .debug_info    0x000000000000b615      0xbd4 ./External Drivers/OLED Display/crdcs_pq_fonts.o
 .debug_info    0x000000000000c1e9     0x1a8e ./External Drivers/OLED Display/crdcs_pq_ssd1306.o
 .debug_info    0x000000000000dc77      0xd0e ./External Drivers/TIMER/crdcs_pq_timer.o
 .debug_info    0x000000000000e985     0x1aa5 ./Src/main.o
 .debug_info    0x000000000001042a      0xe46 ./Src/stm32f1xx_hal_msp.o
 .debug_info    0x0000000000011270      0x7b4 ./Src/stm32f1xx_it.o
 .debug_info    0x0000000000011a24      0xa25 ./Src/sysmem.o
 .debug_info    0x0000000000012449      0x2be ./Src/system_stm32f1xx.o
 .debug_info    0x0000000000012707       0x22 ./Startup/startup_stm32f103c8tx.o

.debug_abbrev   0x0000000000000000     0x2a5d
 .debug_abbrev  0x0000000000000000      0x1ed ./Drivers/STM32F1xx_HAL_Driver/Src/stm32f1xx_hal.o
 .debug_abbrev  0x00000000000001ed      0x313 ./Drivers/STM32F1xx_HAL_Driver/Src/stm32f1xx_hal_cortex.o
 .debug_abbrev  0x0000000000000500      0x1e8 ./Drivers/STM32F1xx_HAL_Driver/Src/stm32f1xx_hal_gpio.o
 .debug_abbrev  0x00000000000006e8      0x288 ./Drivers/STM32F1xx_HAL_Driver/Src/stm32f1xx_hal_i2c.o
 .debug_abbrev  0x0000000000000970      0x273 ./Drivers/STM32F1xx_HAL_Driver/Src/stm32f1xx_hal_rcc.o
 .debug_abbrev  0x0000000000000be3      0x25e ./Drivers/STM32F1xx_HAL_Driver/Src/stm32f1xx_hal_tim.o
 .debug_abbrev  0x0000000000000e41      0x266 ./Drivers/STM32F1xx_HAL_Driver/Src/stm32f1xx_hal_tim_ex.o
 .debug_abbrev  0x00000000000010a7      0x281 ./External Drivers/ADDER/crdcs_pq_adder.o
 .debug_abbrev  0x0000000000001328      0x243 ./External Drivers/COUNTER/crdcs_pq_counter.o
 .debug_abbrev  0x000000000000156b      0x1b5 ./External Drivers/KEYPAD/crdcs_pq_keypad.o
 .debug_abbrev  0x0000000000001720      0x208 ./External Drivers/MAIN MENU/crdcs_pq_main_menu.o
 .debug_abbrev  0x0000000000001928      0x21b ./External Drivers/OLED Display/crdcs_pq_fonts.o
 .debug_abbrev  0x0000000000001b43      0x35a ./External Drivers/OLED Display/crdcs_pq_ssd1306.o
 .debug_abbrev  0x0000000000001e9d      0x241 ./External Drivers/TIMER/crdcs_pq_timer.o
 .debug_abbrev  0x00000000000020de      0x322 ./Src/main.o
 .debug_abbrev  0x0000000000002400      0x1c8 ./Src/stm32f1xx_hal_msp.o
 .debug_abbrev  0x00000000000025c8      0x176 ./Src/stm32f1xx_it.o
 .debug_abbrev  0x000000000000273e      0x1bf ./Src/sysmem.o
 .debug_abbrev  0x00000000000028fd      0x14e ./Src/system_stm32f1xx.o
 .debug_abbrev  0x0000000000002a4b       0x12 ./Startup/startup_stm32f103c8tx.o

.debug_aranges  0x0000000000000000      0xe10
 .debug_aranges
                0x0000000000000000       0xe0 ./Drivers/STM32F1xx_HAL_Driver/Src/stm32f1xx_hal.o
 .debug_aranges
                0x00000000000000e0      0x100 ./Drivers/STM32F1xx_HAL_Driver/Src/stm32f1xx_hal_cortex.o
 .debug_aranges
                0x00000000000001e0       0x58 ./Drivers/STM32F1xx_HAL_Driver/Src/stm32f1xx_hal_gpio.o
 .debug_aranges
                0x0000000000000238      0x2a0 ./Drivers/STM32F1xx_HAL_Driver/Src/stm32f1xx_hal_i2c.o
 .debug_aranges
                0x00000000000004d8       0x90 ./Drivers/STM32F1xx_HAL_Driver/Src/stm32f1xx_hal_rcc.o
 .debug_aranges
                0x0000000000000568      0x3d0 ./Drivers/STM32F1xx_HAL_Driver/Src/stm32f1xx_hal_tim.o
 .debug_aranges
                0x0000000000000938      0x168 ./Drivers/STM32F1xx_HAL_Driver/Src/stm32f1xx_hal_tim_ex.o
 .debug_aranges
                0x0000000000000aa0       0x38 ./External Drivers/ADDER/crdcs_pq_adder.o
 .debug_aranges
                0x0000000000000ad8       0x28 ./External Drivers/COUNTER/crdcs_pq_counter.o
 .debug_aranges
                0x0000000000000b00       0x30 ./External Drivers/KEYPAD/crdcs_pq_keypad.o
 .debug_aranges
                0x0000000000000b30       0x28 ./External Drivers/MAIN MENU/crdcs_pq_main_menu.o
 .debug_aranges
                0x0000000000000b58       0x20 ./External Drivers/OLED Display/crdcs_pq_fonts.o
 .debug_aranges
                0x0000000000000b78      0x100 ./External Drivers/OLED Display/crdcs_pq_ssd1306.o
 .debug_aranges
                0x0000000000000c78       0x30 ./External Drivers/TIMER/crdcs_pq_timer.o
 .debug_aranges
                0x0000000000000ca8       0x50 ./Src/main.o
 .debug_aranges
                0x0000000000000cf8       0x40 ./Src/stm32f1xx_hal_msp.o
 .debug_aranges
                0x0000000000000d38       0x68 ./Src/stm32f1xx_it.o
 .debug_aranges
                0x0000000000000da0       0x20 ./Src/sysmem.o
 .debug_aranges
                0x0000000000000dc0       0x28 ./Src/system_stm32f1xx.o
 .debug_aranges
                0x0000000000000de8       0x28 ./Startup/startup_stm32f103c8tx.o

.debug_ranges   0x0000000000000000      0xd18
 .debug_ranges  0x0000000000000000       0xd0 ./Drivers/STM32F1xx_HAL_Driver/Src/stm32f1xx_hal.o
 .debug_ranges  0x00000000000000d0       0xf0 ./Drivers/STM32F1xx_HAL_Driver/Src/stm32f1xx_hal_cortex.o
 .debug_ranges  0x00000000000001c0       0x48 ./Drivers/STM32F1xx_HAL_Driver/Src/stm32f1xx_hal_gpio.o
 .debug_ranges  0x0000000000000208      0x2b8 ./Drivers/STM32F1xx_HAL_Driver/Src/stm32f1xx_hal_i2c.o
 .debug_ranges  0x00000000000004c0       0x80 ./Drivers/STM32F1xx_HAL_Driver/Src/stm32f1xx_hal_rcc.o
 .debug_ranges  0x0000000000000540      0x3c0 ./Drivers/STM32F1xx_HAL_Driver/Src/stm32f1xx_hal_tim.o
 .debug_ranges  0x0000000000000900      0x158 ./Drivers/STM32F1xx_HAL_Driver/Src/stm32f1xx_hal_tim_ex.o
 .debug_ranges  0x0000000000000a58       0x28 ./External Drivers/ADDER/crdcs_pq_adder.o
 .debug_ranges  0x0000000000000a80       0x30 ./External Drivers/COUNTER/crdcs_pq_counter.o
 .debug_ranges  0x0000000000000ab0       0x20 ./External Drivers/KEYPAD/crdcs_pq_keypad.o
 .debug_ranges  0x0000000000000ad0       0x18 ./External Drivers/MAIN MENU/crdcs_pq_main_menu.o
 .debug_ranges  0x0000000000000ae8       0x10 ./External Drivers/OLED Display/crdcs_pq_fonts.o
 .debug_ranges  0x0000000000000af8       0xf0 ./External Drivers/OLED Display/crdcs_pq_ssd1306.o
 .debug_ranges  0x0000000000000be8       0x20 ./External Drivers/TIMER/crdcs_pq_timer.o
 .debug_ranges  0x0000000000000c08       0x40 ./Src/main.o
 .debug_ranges  0x0000000000000c48       0x30 ./Src/stm32f1xx_hal_msp.o
 .debug_ranges  0x0000000000000c78       0x58 ./Src/stm32f1xx_it.o
 .debug_ranges  0x0000000000000cd0       0x10 ./Src/sysmem.o
 .debug_ranges  0x0000000000000ce0       0x18 ./Src/system_stm32f1xx.o
 .debug_ranges  0x0000000000000cf8       0x20 ./Startup/startup_stm32f103c8tx.o

.debug_macro    0x0000000000000000    0x18ebc
 .debug_macro   0x0000000000000000      0x1c7 ./Drivers/STM32F1xx_HAL_Driver/Src/stm32f1xx_hal.o
 .debug_macro   0x00000000000001c7      0xa9c ./Drivers/STM32F1xx_HAL_Driver/Src/stm32f1xx_hal.o
 .debug_macro   0x0000000000000c63      0x21b ./Drivers/STM32F1xx_HAL_Driver/Src/stm32f1xx_hal.o
 .debug_macro   0x0000000000000e7e       0x2e ./Drivers/STM32F1xx_HAL_Driver/Src/stm32f1xx_hal.o
 .debug_macro   0x0000000000000eac       0x22 ./Drivers/STM32F1xx_HAL_Driver/Src/stm32f1xx_hal.o
 .debug_macro   0x0000000000000ece       0x22 ./Drivers/STM32F1xx_HAL_Driver/Src/stm32f1xx_hal.o
 .debug_macro   0x0000000000000ef0       0x8e ./Drivers/STM32F1xx_HAL_Driver/Src/stm32f1xx_hal.o
 .debug_macro   0x0000000000000f7e       0x51 ./Drivers/STM32F1xx_HAL_Driver/Src/stm32f1xx_hal.o
 .debug_macro   0x0000000000000fcf      0x103 ./Drivers/STM32F1xx_HAL_Driver/Src/stm32f1xx_hal.o
 .debug_macro   0x00000000000010d2       0x6a ./Drivers/STM32F1xx_HAL_Driver/Src/stm32f1xx_hal.o
 .debug_macro   0x000000000000113c      0x1df ./Drivers/STM32F1xx_HAL_Driver/Src/stm32f1xx_hal.o
 .debug_macro   0x000000000000131b       0x1c ./Drivers/STM32F1xx_HAL_Driver/Src/stm32f1xx_hal.o
 .debug_macro   0x0000000000001337       0x22 ./Drivers/STM32F1xx_HAL_Driver/Src/stm32f1xx_hal.o
 .debug_macro   0x0000000000001359       0xc4 ./Drivers/STM32F1xx_HAL_Driver/Src/stm32f1xx_hal.o
 .debug_macro   0x000000000000141d      0xd23 ./Drivers/STM32F1xx_HAL_Driver/Src/stm32f1xx_hal.o
 .debug_macro   0x0000000000002140     0xe09e ./Drivers/STM32F1xx_HAL_Driver/Src/stm32f1xx_hal.o
 .debug_macro   0x00000000000101de       0x6d ./Drivers/STM32F1xx_HAL_Driver/Src/stm32f1xx_hal.o
 .debug_macro   0x000000000001024b     0x3468 ./Drivers/STM32F1xx_HAL_Driver/Src/stm32f1xx_hal.o
 .debug_macro   0x00000000000136b3      0x174 ./Drivers/STM32F1xx_HAL_Driver/Src/stm32f1xx_hal.o
 .debug_macro   0x0000000000013827       0x5c ./Drivers/STM32F1xx_HAL_Driver/Src/stm32f1xx_hal.o
 .debug_macro   0x0000000000013883      0x5bd ./Drivers/STM32F1xx_HAL_Driver/Src/stm32f1xx_hal.o
 .debug_macro   0x0000000000013e40      0x289 ./Drivers/STM32F1xx_HAL_Driver/Src/stm32f1xx_hal.o
 .debug_macro   0x00000000000140c9      0x1cb ./Drivers/STM32F1xx_HAL_Driver/Src/stm32f1xx_hal.o
 .debug_macro   0x0000000000014294      0x114 ./Drivers/STM32F1xx_HAL_Driver/Src/stm32f1xx_hal.o
 .debug_macro   0x00000000000143a8      0x1b2 ./Drivers/STM32F1xx_HAL_Driver/Src/stm32f1xx_hal.o
 .debug_macro   0x000000000001455a       0x27 ./Drivers/STM32F1xx_HAL_Driver/Src/stm32f1xx_hal.o
 .debug_macro   0x0000000000014581      0x136 ./Drivers/STM32F1xx_HAL_Driver/Src/stm32f1xx_hal.o
 .debug_macro   0x00000000000146b7      0x1bc ./Drivers/STM32F1xx_HAL_Driver/Src/stm32f1xx_hal.o
 .debug_macro   0x0000000000014873       0x34 ./Drivers/STM32F1xx_HAL_Driver/Src/stm32f1xx_hal.o
 .debug_macro   0x00000000000148a7       0x3c ./Drivers/STM32F1xx_HAL_Driver/Src/stm32f1xx_hal.o
 .debug_macro   0x00000000000148e3       0x57 ./Drivers/STM32F1xx_HAL_Driver/Src/stm32f1xx_hal.o
 .debug_macro   0x000000000001493a       0x88 ./Drivers/STM32F1xx_HAL_Driver/Src/stm32f1xx_hal.o
 .debug_macro   0x00000000000149c2      0x241 ./Drivers/STM32F1xx_HAL_Driver/Src/stm32f1xx_hal.o
 .debug_macro   0x0000000000014c03      0x287 ./Drivers/STM32F1xx_HAL_Driver/Src/stm32f1xx_hal.o
 .debug_macro   0x0000000000014e8a      0x140 ./Drivers/STM32F1xx_HAL_Driver/Src/stm32f1xx_hal.o
 .debug_macro   0x0000000000014fca      0x8d1 ./Drivers/STM32F1xx_HAL_Driver/Src/stm32f1xx_hal.o
 .debug_macro   0x000000000001589b       0x83 ./Drivers/STM32F1xx_HAL_Driver/Src/stm32f1xx_hal.o
 .debug_macro   0x000000000001591e      0x1a3 ./Drivers/STM32F1xx_HAL_Driver/Src/stm32f1xx_hal_cortex.o
 .debug_macro   0x0000000000015ac1      0x20e ./Drivers/STM32F1xx_HAL_Driver/Src/stm32f1xx_hal_gpio.o
 .debug_macro   0x0000000000015ccf      0x1ea ./Drivers/STM32F1xx_HAL_Driver/Src/stm32f1xx_hal_i2c.o
 .debug_macro   0x0000000000015eb9      0x1b5 ./Drivers/STM32F1xx_HAL_Driver/Src/stm32f1xx_hal_rcc.o
 .debug_macro   0x000000000001606e      0x1a4 ./Drivers/STM32F1xx_HAL_Driver/Src/stm32f1xx_hal_tim.o
 .debug_macro   0x0000000000016212      0x1a3 ./Drivers/STM32F1xx_HAL_Driver/Src/stm32f1xx_hal_tim_ex.o
 .debug_macro   0x00000000000163b5      0x2f6 ./External Drivers/ADDER/crdcs_pq_adder.o
 .debug_macro   0x00000000000166ab       0x52 ./External Drivers/ADDER/crdcs_pq_adder.o
 .debug_macro   0x00000000000166fd       0x18 ./External Drivers/ADDER/crdcs_pq_adder.o
 .debug_macro   0x0000000000016715       0x3c ./External Drivers/ADDER/crdcs_pq_adder.o
 .debug_macro   0x0000000000016751       0x34 ./External Drivers/ADDER/crdcs_pq_adder.o
 .debug_macro   0x0000000000016785       0x16 ./External Drivers/ADDER/crdcs_pq_adder.o
 .debug_macro   0x000000000001679b       0x43 ./External Drivers/ADDER/crdcs_pq_adder.o
 .debug_macro   0x00000000000167de       0x34 ./External Drivers/ADDER/crdcs_pq_adder.o
 .debug_macro   0x0000000000016812       0x10 ./External Drivers/ADDER/crdcs_pq_adder.o
 .debug_macro   0x0000000000016822       0x58 ./External Drivers/ADDER/crdcs_pq_adder.o
 .debug_macro   0x000000000001687a       0x71 ./External Drivers/ADDER/crdcs_pq_adder.o
 .debug_macro   0x00000000000168eb       0x1c ./External Drivers/ADDER/crdcs_pq_adder.o
 .debug_macro   0x0000000000016907      0x12a ./External Drivers/ADDER/crdcs_pq_adder.o
 .debug_macro   0x0000000000016a31      0x333 ./External Drivers/ADDER/crdcs_pq_adder.o
 .debug_macro   0x0000000000016d64       0x10 ./External Drivers/ADDER/crdcs_pq_adder.o
 .debug_macro   0x0000000000016d74       0x35 ./External Drivers/ADDER/crdcs_pq_adder.o
 .debug_macro   0x0000000000016da9       0x20 ./External Drivers/ADDER/crdcs_pq_adder.o
 .debug_macro   0x0000000000016dc9       0x16 ./External Drivers/ADDER/crdcs_pq_adder.o
 .debug_macro   0x0000000000016ddf       0x16 ./External Drivers/ADDER/crdcs_pq_adder.o
 .debug_macro   0x0000000000016df5       0x29 ./External Drivers/ADDER/crdcs_pq_adder.o
 .debug_macro   0x0000000000016e1e       0x1d ./External Drivers/ADDER/crdcs_pq_adder.o
 .debug_macro   0x0000000000016e3b       0x2e ./External Drivers/ADDER/crdcs_pq_adder.o
 .debug_macro   0x0000000000016e69       0x10 ./External Drivers/ADDER/crdcs_pq_adder.o
 .debug_macro   0x0000000000016e79      0x2f6 ./External Drivers/COUNTER/crdcs_pq_counter.o
 .debug_macro   0x000000000001716f      0x1b2 ./External Drivers/KEYPAD/crdcs_pq_keypad.o
 .debug_macro   0x0000000000017321       0x28 ./External Drivers/KEYPAD/crdcs_pq_keypad.o
 .debug_macro   0x0000000000017349      0x2da ./External Drivers/MAIN MENU/crdcs_pq_main_menu.o
 .debug_macro   0x0000000000017623      0x27b ./External Drivers/OLED Display/crdcs_pq_fonts.o
 .debug_macro   0x000000000001789e      0x306 ./External Drivers/OLED Display/crdcs_pq_ssd1306.o
 .debug_macro   0x0000000000017ba4      0x2f6 ./External Drivers/TIMER/crdcs_pq_timer.o
 .debug_macro   0x0000000000017e9a      0x3fc ./Src/main.o
 .debug_macro   0x0000000000018296       0x16 ./Src/main.o
 .debug_macro   0x00000000000182ac       0x10 ./Src/main.o
 .debug_macro   0x00000000000182bc       0x10 ./Src/main.o
 .debug_macro   0x00000000000182cc       0x1c ./Src/main.o
 .debug_macro   0x00000000000182e8       0x52 ./Src/main.o
 .debug_macro   0x000000000001833a       0x22 ./Src/main.o
 .debug_macro   0x000000000001835c       0x10 ./Src/main.o
 .debug_macro   0x000000000001836c       0x40 ./Src/main.o
 .debug_macro   0x00000000000183ac       0xd5 ./Src/main.o
 .debug_macro   0x0000000000018481       0x1c ./Src/main.o
 .debug_macro   0x000000000001849d       0x3d ./Src/main.o
 .debug_macro   0x00000000000184da       0x16 ./Src/main.o
 .debug_macro   0x00000000000184f0      0x145 ./Src/main.o
 .debug_macro   0x0000000000018635       0x10 ./Src/main.o
 .debug_macro   0x0000000000018645       0x16 ./Src/main.o
 .debug_macro   0x000000000001865b       0x10 ./Src/main.o
 .debug_macro   0x000000000001866b       0x10 ./Src/main.o
 .debug_macro   0x000000000001867b      0x1ad ./Src/stm32f1xx_hal_msp.o
 .debug_macro   0x0000000000018828      0x1b7 ./Src/stm32f1xx_it.o
 .debug_macro   0x00000000000189df       0xff ./Src/sysmem.o
 .debug_macro   0x0000000000018ade      0x23b ./Src/sysmem.o
 .debug_macro   0x0000000000018d19      0x1a3 ./Src/system_stm32f1xx.o

.debug_line     0x0000000000000000    0x123ed
 .debug_line    0x0000000000000000      0x920 ./Drivers/STM32F1xx_HAL_Driver/Src/stm32f1xx_hal.o
 .debug_line    0x0000000000000920      0xb0a ./Drivers/STM32F1xx_HAL_Driver/Src/stm32f1xx_hal_cortex.o
 .debug_line    0x000000000000142a      0x987 ./Drivers/STM32F1xx_HAL_Driver/Src/stm32f1xx_hal_gpio.o
 .debug_line    0x0000000000001db1     0x3a0c ./Drivers/STM32F1xx_HAL_Driver/Src/stm32f1xx_hal_i2c.o
 .debug_line    0x00000000000057bd      0xcea ./Drivers/STM32F1xx_HAL_Driver/Src/stm32f1xx_hal_rcc.o
 .debug_line    0x00000000000064a7     0x329b ./Drivers/STM32F1xx_HAL_Driver/Src/stm32f1xx_hal_tim.o
 .debug_line    0x0000000000009742     0x184a ./Drivers/STM32F1xx_HAL_Driver/Src/stm32f1xx_hal_tim_ex.o
 .debug_line    0x000000000000af8c      0xaec ./External Drivers/ADDER/crdcs_pq_adder.o
 .debug_line    0x000000000000ba78      0xa4d ./External Drivers/COUNTER/crdcs_pq_counter.o
 .debug_line    0x000000000000c4c5      0x9cf ./External Drivers/KEYPAD/crdcs_pq_keypad.o
 .debug_line    0x000000000000ce94      0x930 ./External Drivers/MAIN MENU/crdcs_pq_main_menu.o
 .debug_line    0x000000000000d7c4      0x804 ./External Drivers/OLED Display/crdcs_pq_fonts.o
 .debug_line    0x000000000000dfc8      0xffd ./External Drivers/OLED Display/crdcs_pq_ssd1306.o
 .debug_line    0x000000000000efc5      0xa62 ./External Drivers/TIMER/crdcs_pq_timer.o
 .debug_line    0x000000000000fa27      0xf14 ./Src/main.o
 .debug_line    0x000000000001093b      0x6ff ./Src/stm32f1xx_hal_msp.o
 .debug_line    0x000000000001103a      0x74c ./Src/stm32f1xx_it.o
 .debug_line    0x0000000000011786      0x4f5 ./Src/sysmem.o
 .debug_line    0x0000000000011c7b      0x6f0 ./Src/system_stm32f1xx.o
 .debug_line    0x000000000001236b       0x82 ./Startup/startup_stm32f103c8tx.o

.debug_str      0x0000000000000000    0x8b6b2
 .debug_str     0x0000000000000000    0x8338c ./Drivers/STM32F1xx_HAL_Driver/Src/stm32f1xx_hal.o
                                      0x8381a (size before relaxing)
 .debug_str     0x000000000008338c      0x304 ./Drivers/STM32F1xx_HAL_Driver/Src/stm32f1xx_hal_cortex.o
                                      0x83822 (size before relaxing)
 .debug_str     0x0000000000083690      0x3a3 ./Drivers/STM32F1xx_HAL_Driver/Src/stm32f1xx_hal_gpio.o
                                      0x8354d (size before relaxing)
 .debug_str     0x0000000000083a33      0xf65 ./Drivers/STM32F1xx_HAL_Driver/Src/stm32f1xx_hal_i2c.o
                                      0x841c5 (size before relaxing)
 .debug_str     0x0000000000084998      0x354 ./Drivers/STM32F1xx_HAL_Driver/Src/stm32f1xx_hal_rcc.o
                                      0x83586 (size before relaxing)
 .debug_str     0x0000000000084cec     0x10ce ./Drivers/STM32F1xx_HAL_Driver/Src/stm32f1xx_hal_tim.o
                                      0x84558 (size before relaxing)
 .debug_str     0x0000000000085dba      0x538 ./Drivers/STM32F1xx_HAL_Driver/Src/stm32f1xx_hal_tim_ex.o
                                      0x83d09 (size before relaxing)
 .debug_str     0x00000000000862f2     0x3519 ./External Drivers/ADDER/crdcs_pq_adder.o
                                      0x866dc (size before relaxing)
 .debug_str     0x000000000008980b       0x8d ./External Drivers/COUNTER/crdcs_pq_counter.o
                                      0x8667e (size before relaxing)
 .debug_str     0x0000000000089898       0xe1 ./External Drivers/KEYPAD/crdcs_pq_keypad.o
                                      0x832c2 (size before relaxing)
 .debug_str     0x0000000000089979       0x49 ./External Drivers/MAIN MENU/crdcs_pq_main_menu.o
                                      0x8662b (size before relaxing)
 .debug_str     0x00000000000899c2       0x80 ./External Drivers/OLED Display/crdcs_pq_fonts.o
                                      0x863ed (size before relaxing)
 .debug_str     0x0000000000089a42      0x559 ./External Drivers/OLED Display/crdcs_pq_ssd1306.o
                                      0x86e9d (size before relaxing)
 .debug_str     0x0000000000089f9b       0x98 ./External Drivers/TIMER/crdcs_pq_timer.o
                                      0x8668d (size before relaxing)
 .debug_str     0x000000000008a033      0xffe ./Src/main.o
                                      0x88097 (size before relaxing)
 .debug_str     0x000000000008b031       0x25 ./Src/stm32f1xx_hal_msp.o
                                      0x83c53 (size before relaxing)
 .debug_str     0x000000000008b056       0xc8 ./Src/stm32f1xx_it.o
                                      0x8367e (size before relaxing)
 .debug_str     0x000000000008b11e      0x4e4 ./Src/sysmem.o
                                       0x6264 (size before relaxing)
 .debug_str     0x000000000008b602       0x4d ./Src/system_stm32f1xx.o
                                      0x83184 (size before relaxing)
 .debug_str     0x000000000008b64f       0x63 ./Startup/startup_stm32f103c8tx.o

.comment        0x0000000000000000       0x53
 .comment       0x0000000000000000       0x53 ./Drivers/STM32F1xx_HAL_Driver/Src/stm32f1xx_hal.o
                                         0x54 (size before relaxing)
 .comment       0x0000000000000053       0x54 ./Drivers/STM32F1xx_HAL_Driver/Src/stm32f1xx_hal_cortex.o
 .comment       0x0000000000000053       0x54 ./Drivers/STM32F1xx_HAL_Driver/Src/stm32f1xx_hal_gpio.o
 .comment       0x0000000000000053       0x54 ./Drivers/STM32F1xx_HAL_Driver/Src/stm32f1xx_hal_i2c.o
 .comment       0x0000000000000053       0x54 ./Drivers/STM32F1xx_HAL_Driver/Src/stm32f1xx_hal_rcc.o
 .comment       0x0000000000000053       0x54 ./Drivers/STM32F1xx_HAL_Driver/Src/stm32f1xx_hal_tim.o
 .comment       0x0000000000000053       0x54 ./Drivers/STM32F1xx_HAL_Driver/Src/stm32f1xx_hal_tim_ex.o
 .comment       0x0000000000000053       0x54 ./External Drivers/ADDER/crdcs_pq_adder.o
 .comment       0x0000000000000053       0x54 ./External Drivers/COUNTER/crdcs_pq_counter.o
 .comment       0x0000000000000053       0x54 ./External Drivers/KEYPAD/crdcs_pq_keypad.o
 .comment       0x0000000000000053       0x54 ./External Drivers/MAIN MENU/crdcs_pq_main_menu.o
 .comment       0x0000000000000053       0x54 ./External Drivers/OLED Display/crdcs_pq_fonts.o
 .comment       0x0000000000000053       0x54 ./External Drivers/OLED Display/crdcs_pq_ssd1306.o
 .comment       0x0000000000000053       0x54 ./External Drivers/TIMER/crdcs_pq_timer.o
 .comment       0x0000000000000053       0x54 ./Src/main.o
 .comment       0x0000000000000053       0x54 ./Src/stm32f1xx_hal_msp.o
 .comment       0x0000000000000053       0x54 ./Src/stm32f1xx_it.o
 .comment       0x0000000000000053       0x54 ./Src/sysmem.o
 .comment       0x0000000000000053       0x54 ./Src/system_stm32f1xx.o

.debug_frame    0x0000000000000000     0x3dd0
 .debug_frame   0x0000000000000000      0x334 ./Drivers/STM32F1xx_HAL_Driver/Src/stm32f1xx_hal.o
 .debug_frame   0x0000000000000334      0x428 ./Drivers/STM32F1xx_HAL_Driver/Src/stm32f1xx_hal_cortex.o
 .debug_frame   0x000000000000075c      0x14c ./Drivers/STM32F1xx_HAL_Driver/Src/stm32f1xx_hal_gpio.o
 .debug_frame   0x00000000000008a8      0xc5c ./Drivers/STM32F1xx_HAL_Driver/Src/stm32f1xx_hal_i2c.o
 .debug_frame   0x0000000000001504      0x21c ./Drivers/STM32F1xx_HAL_Driver/Src/stm32f1xx_hal_rcc.o
 .debug_frame   0x0000000000001720     0x11b8 ./Drivers/STM32F1xx_HAL_Driver/Src/stm32f1xx_hal_tim.o
 .debug_frame   0x00000000000028d8      0x638 ./Drivers/STM32F1xx_HAL_Driver/Src/stm32f1xx_hal_tim_ex.o
 .debug_frame   0x0000000000002f10       0xa8 ./External Drivers/ADDER/crdcs_pq_adder.o
 .debug_frame   0x0000000000002fb8       0x60 ./External Drivers/COUNTER/crdcs_pq_counter.o
 .debug_frame   0x0000000000003018       0x94 ./External Drivers/KEYPAD/crdcs_pq_keypad.o
 .debug_frame   0x00000000000030ac       0x5c ./External Drivers/MAIN MENU/crdcs_pq_main_menu.o
 .debug_frame   0x0000000000003108       0x38 ./External Drivers/OLED Display/crdcs_pq_fonts.o
 .debug_frame   0x0000000000003140      0x438 ./External Drivers/OLED Display/crdcs_pq_ssd1306.o
 .debug_frame   0x0000000000003578       0x80 ./External Drivers/TIMER/crdcs_pq_timer.o
 .debug_frame   0x00000000000035f8       0xf8 ./Src/main.o
 .debug_frame   0x00000000000036f0       0xc8 ./Src/stm32f1xx_hal_msp.o
 .debug_frame   0x00000000000037b8      0x120 ./Src/stm32f1xx_it.o
 .debug_frame   0x00000000000038d8       0x34 ./Src/sysmem.o
 .debug_frame   0x000000000000390c       0x58 ./Src/system_stm32f1xx.o
 .debug_frame   0x0000000000003964       0x20 c:/st/stm32cubeide_1.8.0/stm32cubeide/plugins/com.st.stm32cube.ide.mcu.externaltools.gnu-tools-for-stm32.9-2020-q2-update.win32_2.0.0.202105311346/tools/bin/../lib/gcc/arm-none-eabi/9.3.1/../../../../arm-none-eabi/lib/thumb/v7-m/nofp\libc_nano.a(lib_a-errno.o)
 .debug_frame   0x0000000000003984       0x2c c:/st/stm32cubeide_1.8.0/stm32cubeide/plugins/com.st.stm32cube.ide.mcu.externaltools.gnu-tools-for-stm32.9-2020-q2-update.win32_2.0.0.202105311346/tools/bin/../lib/gcc/arm-none-eabi/9.3.1/../../../../arm-none-eabi/lib/thumb/v7-m/nofp\libc_nano.a(lib_a-init.o)
 .debug_frame   0x00000000000039b0       0x20 c:/st/stm32cubeide_1.8.0/stm32cubeide/plugins/com.st.stm32cube.ide.mcu.externaltools.gnu-tools-for-stm32.9-2020-q2-update.win32_2.0.0.202105311346/tools/bin/../lib/gcc/arm-none-eabi/9.3.1/../../../../arm-none-eabi/lib/thumb/v7-m/nofp\libc_nano.a(lib_a-memset.o)
 .debug_frame   0x00000000000039d0       0x6c c:/st/stm32cubeide_1.8.0/stm32cubeide/plugins/com.st.stm32cube.ide.mcu.externaltools.gnu-tools-for-stm32.9-2020-q2-update.win32_2.0.0.202105311346/tools/bin/../lib/gcc/arm-none-eabi/9.3.1/../../../../arm-none-eabi/lib/thumb/v7-m/nofp\libc_nano.a(lib_a-sprintf.o)
 .debug_frame   0x0000000000003a3c       0x90 c:/st/stm32cubeide_1.8.0/stm32cubeide/plugins/com.st.stm32cube.ide.mcu.externaltools.gnu-tools-for-stm32.9-2020-q2-update.win32_2.0.0.202105311346/tools/bin/../lib/gcc/arm-none-eabi/9.3.1/../../../../arm-none-eabi/lib/thumb/v7-m/nofp\libc_nano.a(lib_a-nano-svfprintf.o)
 .debug_frame   0x0000000000003acc       0x60 c:/st/stm32cubeide_1.8.0/stm32cubeide/plugins/com.st.stm32cube.ide.mcu.externaltools.gnu-tools-for-stm32.9-2020-q2-update.win32_2.0.0.202105311346/tools/bin/../lib/gcc/arm-none-eabi/9.3.1/../../../../arm-none-eabi/lib/thumb/v7-m/nofp\libc_nano.a(lib_a-nano-vfprintf_i.o)
 .debug_frame   0x0000000000003b2c       0x28 c:/st/stm32cubeide_1.8.0/stm32cubeide/plugins/com.st.stm32cube.ide.mcu.externaltools.gnu-tools-for-stm32.9-2020-q2-update.win32_2.0.0.202105311346/tools/bin/../lib/gcc/arm-none-eabi/9.3.1/../../../../arm-none-eabi/lib/thumb/v7-m/nofp\libc_nano.a(lib_a-memchr-stub.o)
 .debug_frame   0x0000000000003b54       0x28 c:/st/stm32cubeide_1.8.0/stm32cubeide/plugins/com.st.stm32cube.ide.mcu.externaltools.gnu-tools-for-stm32.9-2020-q2-update.win32_2.0.0.202105311346/tools/bin/../lib/gcc/arm-none-eabi/9.3.1/../../../../arm-none-eabi/lib/thumb/v7-m/nofp\libc_nano.a(lib_a-memcpy-stub.o)
 .debug_frame   0x0000000000003b7c       0x28 c:/st/stm32cubeide_1.8.0/stm32cubeide/plugins/com.st.stm32cube.ide.mcu.externaltools.gnu-tools-for-stm32.9-2020-q2-update.win32_2.0.0.202105311346/tools/bin/../lib/gcc/arm-none-eabi/9.3.1/../../../../arm-none-eabi/lib/thumb/v7-m/nofp\libc_nano.a(lib_a-memmove.o)
 .debug_frame   0x0000000000003ba4       0x38 c:/st/stm32cubeide_1.8.0/stm32cubeide/plugins/com.st.stm32cube.ide.mcu.externaltools.gnu-tools-for-stm32.9-2020-q2-update.win32_2.0.0.202105311346/tools/bin/../lib/gcc/arm-none-eabi/9.3.1/../../../../arm-none-eabi/lib/thumb/v7-m/nofp\libc_nano.a(lib_a-nano-freer.o)
 .debug_frame   0x0000000000003bdc       0x30 c:/st/stm32cubeide_1.8.0/stm32cubeide/plugins/com.st.stm32cube.ide.mcu.externaltools.gnu-tools-for-stm32.9-2020-q2-update.win32_2.0.0.202105311346/tools/bin/../lib/gcc/arm-none-eabi/9.3.1/../../../../arm-none-eabi/lib/thumb/v7-m/nofp\libc_nano.a(lib_a-nano-mallocr.o)
 .debug_frame   0x0000000000003c0c       0x3c c:/st/stm32cubeide_1.8.0/stm32cubeide/plugins/com.st.stm32cube.ide.mcu.externaltools.gnu-tools-for-stm32.9-2020-q2-update.win32_2.0.0.202105311346/tools/bin/../lib/gcc/arm-none-eabi/9.3.1/../../../../arm-none-eabi/lib/thumb/v7-m/nofp\libc_nano.a(lib_a-nano-reallocr.o)
 .debug_frame   0x0000000000003c48       0x2c c:/st/stm32cubeide_1.8.0/stm32cubeide/plugins/com.st.stm32cube.ide.mcu.externaltools.gnu-tools-for-stm32.9-2020-q2-update.win32_2.0.0.202105311346/tools/bin/../lib/gcc/arm-none-eabi/9.3.1/../../../../arm-none-eabi/lib/thumb/v7-m/nofp\libc_nano.a(lib_a-sbrkr.o)
 .debug_frame   0x0000000000003c74       0x30 c:/st/stm32cubeide_1.8.0/stm32cubeide/plugins/com.st.stm32cube.ide.mcu.externaltools.gnu-tools-for-stm32.9-2020-q2-update.win32_2.0.0.202105311346/tools/bin/../lib/gcc/arm-none-eabi/9.3.1/../../../../arm-none-eabi/lib/thumb/v7-m/nofp\libc_nano.a(lib_a-mlock.o)
 .debug_frame   0x0000000000003ca4       0x20 c:/st/stm32cubeide_1.8.0/stm32cubeide/plugins/com.st.stm32cube.ide.mcu.externaltools.gnu-tools-for-stm32.9-2020-q2-update.win32_2.0.0.202105311346/tools/bin/../lib/gcc/arm-none-eabi/9.3.1/../../../../arm-none-eabi/lib/thumb/v7-m/nofp\libc_nano.a(lib_a-nano-msizer.o)
 .debug_frame   0x0000000000003cc4       0x5c c:/st/stm32cubeide_1.8.0/stm32cubeide/plugins/com.st.stm32cube.ide.mcu.externaltools.gnu-tools-for-stm32.9-2020-q2-update.win32_2.0.0.202105311346/tools/bin/../lib/gcc/arm-none-eabi/9.3.1/../../../../arm-none-eabi/lib/thumb/v7-m/nofp\libc_nano.a(lib_a-reent.o)
 .debug_frame   0x0000000000003d20       0xb0 c:/st/stm32cubeide_1.8.0/stm32cubeide/plugins/com.st.stm32cube.ide.mcu.externaltools.gnu-tools-for-stm32.9-2020-q2-update.win32_2.0.0.202105311346/tools/bin/../lib/gcc/arm-none-eabi/9.3.1/../../../../arm-none-eabi/lib/thumb/v7-m/nofp\libc_nano.a(lib_a-lock.o)
