stm32f1xx_hal_rcc.c:203:19:HAL_RCC_DeInit	16	static
stm32f1xx_hal_rcc.c:348:19:HAL_RCC_OscConfig	32	static
stm32f1xx_hal_rcc.c:832:19:HAL_RCC_ClockConfig	24	static
stm32f1xx_hal_rcc.c:1032:6:HAL_RCC_MCOConfig	48	static
stm32f1xx_hal_rcc.c:1071:6:HAL_RCC_EnableCSS	4	static
stm32f1xx_hal_rcc.c:1080:6:HAL_RCC_DisableCSS	4	static
stm32f1xx_hal_rcc.c:1114:10:HAL_RCC_GetSysClockFreq	48	static
stm32f1xx_hal_rcc.c:1212:10:HAL_RCC_GetHCLKFreq	4	static
stm32f1xx_hal_rcc.c:1223:10:HAL_RCC_GetPCLK1Freq	8	static
stm32f1xx_hal_rcc.c:1236:10:HAL_RCC_GetPCLK2Freq	8	static
stm32f1xx_hal_rcc.c:1250:6:HAL_RCC_GetOscConfig	16	static
stm32f1xx_hal_rcc.c:1351:6:HAL_RCC_GetClockConfig	16	static
stm32f1xx_hal_rcc.c:1389:6:HAL_RCC_NMI_IRQHandler	8	static
stm32f1xx_hal_rcc.c:1407:13:RCC_Delay	24	static,ignoring_inline_asm
stm32f1xx_hal_rcc.c:1420:13:HAL_RCC_CSSCallback	4	static
